Component: ARM Compiler 5.06 update 6 (build 750) Tool: armlink [4d35ed]

==============================================================================

Section Cross References

    main.o(.text) refers to fadd.o(.text) for __aeabi_fadd
    main.o(.text) refers to fflti.o(.text) for __aeabi_i2f
    main.o(.text) refers to fdiv.o(.text) for __aeabi_fdiv
    main.o(.text) refers to stm32f10x_rcc.o(.text) for RCC_APB2PeriphClockCmd
    main.o(.text) refers to sys.o(.text) for NVIC_Configuration
    main.o(.text) refers to delay.o(.text) for delay_init
    main.o(.text) refers to usart.o(.text) for uart_init
    main.o(.text) refers to adc.o(.text) for ADC1_Init
    main.o(.text) refers to key.o(.text) for KEY_Init
    main.o(.text) refers to printf4.o(i.__0printf$4) for __2printf
    main.o(.text) refers to ringbuffer.o(.text) for RB_Init
    main.o(.text) refers to filterbase.o(.text) for biquad_config
    main.o(.text) refers to ffltui.o(.text) for __aeabi_ui2f
    main.o(.text) refers to fft.o(.text) for GetPwrMag
    main.o(.text) refers to cr4_fft_256_stm32.o(.text) for cr4_fft_256_stm32
    main.o(.text) refers to stm32f10x_tim.o(.text) for TIM_Cmd
    main.o(.text) refers to main.o(.bss) for buffer
    main.o(.text) refers to main.o(.data) for ADC_ReadDone
    system_stm32f10x.o(.text) refers to system_stm32f10x.o(.data) for SystemCoreClock
    fft.o(.text) refers to fflti.o(.text) for __aeabi_i2f
    fft.o(.text) refers to fmul.o(.text) for __aeabi_fmul
    fft.o(.text) refers to f2d.o(.text) for __aeabi_f2d
    fft.o(.text) refers to ddiv.o(.text) for __aeabi_ddiv
    fft.o(.text) refers to d2f.o(.text) for __aeabi_d2f
    fft.o(.text) refers to ffixui.o(.text) for __aeabi_f2uiz
    filterbase.o(.text) refers to ddiv.o(.text) for __aeabi_ddiv
    filterbase.o(.text) refers to pow.o(i.pow) for pow
    filterbase.o(.text) refers to dmul.o(.text) for __aeabi_dmul
    filterbase.o(.text) refers to tan.o(i.tan) for tan
    filterbase.o(.text) refers to dadd.o(.text) for __aeabi_dadd
    filterbase.o(.text) refers to cdrcmple.o(.text) for __aeabi_cdrcmple
    filterbase.o(.text) refers to sqrt.o(i.sqrt) for sqrt
    filterbase.o(.text) refers to dfltui.o(.text) for __aeabi_ui2d
    filterbase.o(.text) refers to f2d.o(.text) for __aeabi_f2d
    filterbase.o(.text) refers to d2f.o(.text) for __aeabi_d2f
    ringbuffer.o(.text) refers to memcpya.o(.text) for __aeabi_memcpy
    led.o(.text) refers to stm32f10x_rcc.o(.text) for RCC_APB2PeriphClockCmd
    led.o(.text) refers to stm32f10x_gpio.o(.text) for GPIO_Init
    key.o(.text) refers to stm32f10x_rcc.o(.text) for RCC_APB2PeriphClockCmd
    key.o(.text) refers to stm32f10x_gpio.o(.text) for GPIO_Init
    delay.o(.text) refers to misc.o(.text) for SysTick_CLKSourceConfig
    delay.o(.text) refers to system_stm32f10x.o(.data) for SystemCoreClock
    delay.o(.text) refers to delay.o(.data) for fac_us
    sys.o(.text) refers to misc.o(.text) for NVIC_PriorityGroupConfig
    usart.o(.text) refers to stm32f10x_rcc.o(.text) for RCC_APB2PeriphClockCmd
    usart.o(.text) refers to stm32f10x_usart.o(.text) for USART_DeInit
    usart.o(.text) refers to stm32f10x_gpio.o(.text) for GPIO_Init
    usart.o(.text) refers to misc.o(.text) for NVIC_Init
    usart.o(.text) refers to usart.o(.data) for USART_RX_STA
    usart.o(.text) refers to usart.o(.bss) for USART_RX_BUF
    adc.o(.text) refers to stm32f10x_tim.o(.text) for TIM_ClearITPendingBit
    adc.o(.text) refers to stm32f10x_rcc.o(.text) for RCC_APB2PeriphClockCmd
    adc.o(.text) refers to stm32f10x_gpio.o(.text) for GPIO_Init
    adc.o(.text) refers to stm32f10x_adc.o(.text) for ADC_DeInit
    startup_stm32f10x_hd.o(RESET) refers to startup_stm32f10x_hd.o(STACK) for __initial_sp
    startup_stm32f10x_hd.o(RESET) refers to startup_stm32f10x_hd.o(.text) for Reset_Handler
    startup_stm32f10x_hd.o(RESET) refers to stm32f10x_it.o(.text) for NMI_Handler
    startup_stm32f10x_hd.o(RESET) refers to main.o(.text) for TIM2_IRQHandler
    startup_stm32f10x_hd.o(RESET) refers to usart.o(.text) for USART1_IRQHandler
    startup_stm32f10x_hd.o(.text) refers to system_stm32f10x.o(.text) for SystemInit
    startup_stm32f10x_hd.o(.text) refers to entry.o(.ARM.Collect$$$$00000000) for __main
    stm32f10x_gpio.o(.text) refers to stm32f10x_rcc.o(.text) for RCC_APB2PeriphResetCmd
    stm32f10x_rcc.o(.text) refers to stm32f10x_rcc.o(.data) for APBAHBPrescTable
    stm32f10x_usart.o(.text) refers to stm32f10x_rcc.o(.text) for RCC_APB2PeriphResetCmd
    stm32f10x_adc.o(.text) refers to stm32f10x_rcc.o(.text) for RCC_APB2PeriphResetCmd
    stm32f10x_tim.o(.text) refers to stm32f10x_rcc.o(.text) for RCC_APB2PeriphResetCmd
    pid_c_stm32.o(.text) refers to pid_c_stm32.o(.data) for IntTerm_C
    pid_stm32.o(.text) refers to pid_c_stm32.o(.data) for IntTerm
    pow.o(i.__softfp_pow) refers (Special) to iusefp.o(.text) for __I$use$fp
    pow.o(i.__softfp_pow) refers to pow.o(i.pow) for pow
[...]
    printfa.o(i._printf_core) refers (Special) to iusefp.o(.text) for __I$use$fp
    printfa.o(i._printf_core) refers to printfa.o(i._printf_pre_padding) for _printf_pre_padding
    printfa.o(i._printf_core) refers to uldiv.o(.text) for __aeabi_uldivmod
    printfa.o(i._printf_core) refers to printfa.o(i._printf_post_padding) for _printf_post_padding
    printfa.o(i._printf_core) refers to printfa.o(i._fp_digits) for _fp_digits
    printfa.o(i._printf_core) refers to uidiv.o(.text) for __aeabi_uidivmod
    printfa.o(i._printf_post_padding) refers (Special) to iusefp.o(.text) for __I$use$fp
    printfa.o(i._printf_pre_padding) refers (Special) to iusefp.o(.text) for __I$use$fp
    printfa.o(i._snputc) refers (Special) to iusefp.o(.text) for __I$use$fp
    printfa.o(i._sputc) refers (Special) to iusefp.o(.text) for __I$use$fp
    fadd.o(.text) refers (Special) to iusefp.o(.text) for __I$use$fp
    fadd.o(.text) refers to fepilogue.o(.text) for _float_epilogue
    fmul.o(.text) refers (Special) to iusefp.o(.text) for __I$use$fp
    fdiv.o(.text) refers (Special) to iusefp.o(.text) for __I$use$fp
    fdiv.o(.text) refers to fepilogue.o(.text) for _float_round
    dadd.o(.text) refers (Special) to iusefp.o(.text) for __I$use$fp
    dadd.o(.text) refers to llshl.o(.text) for __aeabi_llsl
    dadd.o(.text) refers to llsshr.o(.text) for __aeabi_lasr
    dadd.o(.text) refers to depilogue.o(.text) for _double_epilogue
    dmul.o(.text) refers (Special) to iusefp.o(.text) for __I$use$fp
    dmul.o(.text) refers to depilogue.o(.text) for _double_epilogue
    ddiv.o(.text) refers (Special) to iusefp.o(.text) for __I$use$fp
    ddiv.o(.text) refers to depilogue.o(.text) for _double_round
    fflti.o(.text) refers (Special) to iusefp.o(.text) for __I$use$fp
    fflti.o(.text) refers to fepilogue.o(.text) for _float_epilogue
    ffltui.o(.text) refers (Special) to iusefp.o(.text) for __I$use$fp
    ffltui.o(.text) refers to fepilogue.o(.text) for _float_epilogue
    dfltui.o(.text) refers (Special) to iusefp.o(.text) for __I$use$fp
    dfltui.o(.text) refers to depilogue.o(.text) for _double_epilogue
    ffixui.o(.text) refers (Special) to iusefp.o(.text) for __I$use$fp
    f2d.o(.text) refers (Special) to iusefp.o(.text) for __I$use$fp
    cdrcmple.o(.text) refers (Special) to iusefp.o(.text) for __I$use$fp
    d2f.o(.text) refers (Special) to iusefp.o(.text) for __I$use$fp
    d2f.o(.text) refers to fepilogue.o(.text) for _float_round
    dunder.o(i.__mathlib_dbl_divzero) refers to ddiv.o(.text) for __aeabi_ddiv
    dunder.o(i.__mathlib_dbl_infnan) refers to dscalb.o(.text) for __ARM_scalbn
    dunder.o(i.__mathlib_dbl_infnan2) refers to dadd.o(.text) for __aeabi_dadd
    dunder.o(i.__mathlib_dbl_invalid) refers to ddiv.o(.text) for __aeabi_ddiv
    dunder.o(i.__mathlib_dbl_overflow) refers to dscalb.o(.text) for __ARM_scalbn
    dunder.o(i.__mathlib_dbl_posinfnan) refers to dmul.o(.text) for __aeabi_dmul
    dunder.o(i.__mathlib_dbl_underflow) refers to dscalb.o(.text) for __ARM_scalbn
    fpclassify.o(i.__ARM_fpclassify) refers (Special) to iusefp.o(.text) for __I$use$fp
    poly.o(i.__kernel_poly) refers (Special) to iusefp.o(.text) for __I$use$fp
    poly.o(i.__kernel_poly) refers to dmul.o(.text) for __aeabi_dmul
    poly.o(i.__kernel_poly) refers to dadd.o(.text) for __aeabi_dadd
    qnan.o(.constdata) refers (Special) to iusefp.o(.text) for __I$use$fp
    rred.o(i.__ieee754_rem_pio2) refers (Special) to iusefp.o(.text) for __I$use$fp
    rred.o(i.__ieee754_rem_pio2) refers to dadd.o(.text) for __aeabi_dsub
    rred.o(i.__ieee754_rem_pio2) refers to dmul.o(.text) for __aeabi_dmul
    rred.o(i.__ieee754_rem_pio2) refers to dfixi.o(.text) for __aeabi_d2iz
    rred.o(i.__ieee754_rem_pio2) refers to dflti.o(.text) for __aeabi_i2d
    rred.o(i.__ieee754_rem_pio2) refers to dfltui.o(.text) for __aeabi_ui2d
    rred.o(i.__ieee754_rem_pio2) refers to dscalb.o(.text) for __ARM_scalbn
    rred.o(i.__ieee754_rem_pio2) refers to rred.o(.constdata) for .constdata
    rred.o(i.__use_accurate_range_reduction) refers (Special) to iusefp.o(.text) for __I$use$fp
    rred.o(.constdata) refers (Special) to iusefp.o(.text) for __I$use$fp
    tan_i.o(i.__kernel_tan) refers (Special) to iusefp.o(.text) for __I$use$fp
    tan_i.o(i.__kernel_tan) refers to dfixi.o(.text) for __aeabi_d2iz
    tan_i.o(i.__kernel_tan) refers to dadd.o(.text) for __aeabi_drsub
    tan_i.o(i.__kernel_tan) refers to dmul.o(.text) for __aeabi_dmul
    tan_i.o(i.__kernel_tan) refers to poly.o(i.__kernel_poly) for __kernel_poly
    tan_i.o(i.__kernel_tan) refers to dflti.o(.text) for __aeabi_i2d
    tan_i.o(i.__kernel_tan) refers to ddiv.o(.text) for __aeabi_ddiv
    tan_i.o(i.__kernel_tan) refers to dscalb.o(.text) for __ARM_scalbn
    tan_i.o(i.__kernel_tan) refers to fpclassify.o(i.__ARM_fpclassify) for __ARM_fpclassify
    tan_i.o(i.__kernel_tan) refers to dunder.o(i.__mathlib_dbl_underflow) for __mathlib_dbl_underflow
    tan_i.o(i.__kernel_tan) refers to tan_i.o(.constdata) for .constdata
    tan_i.o(.constdata) refers (Special) to iusefp.o(.text) for __I$use$fp
    tan_i_x.o(i.____kernel_tan$lsc) refers (Special) to iusefp.o(.text) for __I$use$fp
    tan_i_x.o(i.____kernel_tan$lsc) refers to dfixi.o(.text) for __aeabi_d2iz
    tan_i_x.o(i.____kernel_tan$lsc) refers to dadd.o(.text) for __aeabi_drsub
    tan_i_x.o(i.____kernel_tan$lsc) refers to dmul.o(.text) for __aeabi_dmul
    tan_i_x.o(i.____kernel_tan$lsc) refers to poly.o(i.__kernel_poly) for __kernel_poly
    tan_i_x.o(i.____kernel_tan$lsc) refers to dflti.o(.text) for __aeabi_i2d
    tan_i_x.o(i.____kernel_tan$lsc) refers to ddiv.o(.text) for __aeabi_ddiv
    tan_i_x.o(i.____kernel_tan$lsc) refers to dscalb.o(.text) for __ARM_scalbn
    tan_i_x.o(i.____kernel_tan$lsc) refers to tan_i_x.o(.constdata) for .constdata
    tan_i_x.o(.constdata) refers (Special) to iusefp.o(.text) for __I$use$fp
    entry2.o(.ARM.Collect$$$$00000001) refers to entry2.o(.ARM.Collect$$$$00002712) for __lit__00000000
    entry2.o(.ARM.Collect$$$$00002712) refers to startup_stm32f10x_hd.o(STACK) for __initial_sp
    entry2.o(__vectab_stack_and_reset_area) refers to startup_stm32f10x_hd.o(STACK) for __initial_sp
    entry2.o(__vectab_stack_and_reset_area) refers to entry.o(.ARM.Collect$$$$00000000) for __main
    entry5.o(.ARM.Collect$$$$00000004) refers to init.o(.text) for __scatterload
    entry9a.o(.ARM.Collect$$$$0000000B) refers to main.o(.text) for main
    entry9b.o(.ARM.Collect$$$$0000000C) refers to main.o(.text) for main
    uldiv.o(.text) refers to llushr.o(.text) for __aeabi_llsr
    uldiv.o(.text) refers to llshl.o(.text) for __aeabi_llsl
    errno.o(i.__aeabi_errno_addr) refers to errno.o(.data) for .data
    errno.o(i.__read_errno) refers to errno.o(.data) for .data
    errno.o(i.__set_errno) refers to errno.o(.data) for .data
    depilogue.o(.text) refers to llshl.o(.text) for __aeabi_llsl
    depilogue.o(.text) refers to llushr.o(.text) for __aeabi_llsr
    dsqrt.o(.text) refers to llushr.o(.text) for __aeabi_llsr
    dsqrt.o(.text) refers to depilogue.o(.text) for _double_round
    dflti.o(.text) refers to depilogue.o(.text) for _double_epilogue
    dfixul.o(.text) refers to llushr.o(.text) for __aeabi_llsr
    dfixul.o(.text) refers to llshl.o(.text) for __aeabi_llsl
    init.o(.text) refers to entry5.o(.ARM.Collect$$$$00000004) for __main_after_scatterload
    dfixi.o(.text) refers to llushr.o(.text) for __aeabi_llsr


==============================================================================

Removing Unused input sections from the image.

    Removing fft.o(.bss), (40 bytes).
    Removing fft.o(.data), (77 bytes).
    Removing led.o(.text), (80 bytes).
    Removing core_cm3.o(.emb_text), (32 bytes).
    Removing startup_stm32f10x_hd.o(HEAP), (512 bytes).
    Removing stm32f10x_exti.o(.text), (284 bytes).
    Removing iir_stm32.o(.text), (404 bytes).
    Removing pid_c_stm32.o(.text), (156 bytes).
    Removing pid_c_stm32.o(.data), (8 bytes).
    Removing cr4_fft_64_stm32.o(.text), (718 bytes).
    Removing cr4_fft_1024_stm32.o(.text), (4576 bytes).
    Removing fir_stm32.o(.text), (162 bytes).
    Removing iirarma_stm32.o(.text), (156 bytes).
    Removing pid_stm32.o(.text), (72 bytes).
    Removing dfixul.o(.text), (48 bytes).
    Removing cdcmple.o(.text), (48 bytes).

16 unused section(s) (total 7373 bytes) removed from the image.

==============================================================================

Image Symbol Table

    Local Symbols

    Symbol Name                              Value     Ov Type        Size  Object(Section)

    ../clib/microlib/division.c              0x00000000   Number         0  uidiv.o ABSOLUTE
    ../clib/microlib/division.c              0x00000000   Number         0  uldiv.o ABSOLUTE
    ../clib/microlib/errno.c                 0x00000000   Number         0  errno.o ABSOLUTE
    ../clib/microlib/init/entry.s            0x00000000   Number         0  entry7b.o ABSOLUTE
    ../clib/microlib/init/entry.s            0x00000000   Number         0  entry11a.o ABSOLUTE
    ../clib/microlib/init/entry.s            0x00000000   Number         0  entry11b.o ABSOLUTE
    ../clib/microlib/init/entry.s            0x00000000   Number         0  entry.o ABSOLUTE
    ../clib/microlib/init/entry.s            0x00000000   Number         0  entry9b.o ABSOLUTE
    ../clib/microlib/init/entry.s            0x00000000   Number         0  entry9a.o ABSOLUTE
    ../clib/microlib/init/entry.s            0x00000000   Number         0  entry10a.o ABSOLUTE
    ../clib/microlib/init/entry.s            0x00000000   Number         0  entry2.o ABSOLUTE
    ../clib/microlib/init/entry.s            0x00000000   Number         0  entry10b.o ABSOLUTE
    ../clib/microlib/init/entry.s            0x00000000   Number         0  entry8b.o ABSOLUTE
    ../clib/microlib/init/entry.s            0x00000000   Number         0  entry5.o ABSOLUTE
    ../clib/microlib/init/entry.s            0x00000000   Number         0  entry8a.o ABSOLUTE
    ../clib/microlib/init/entry.s            0x00000000   Number         0  entry7a.o ABSOLUTE
    ../clib/microlib/longlong.c              0x00000000   Number         0  llsshr.o ABSOLUTE
    ../clib/microlib/longlong.c              0x00000000   Number         0  llushr.o ABSOLUTE
    ../clib/microlib/longlong.c              0x00000000   Number         0  llshl.o ABSOLUTE
    ../clib/microlib/printf/printf.c         0x00000000   Number         0  printfa.o ABSOLUTE
    ../clib/microlib/printf/printf.c         0x00000000   Number         0  printf4.o ABSOLUTE
    ../clib/microlib/printf/printf.c         0x00000000   Number         0  printf3.o ABSOLUTE
    ../clib/microlib/printf/printf.c         0x00000000   Number         0  printf2.o ABSOLUTE
    ../clib/microlib/printf/printf.c         0x00000000   Number         0  printf1.o ABSOLUTE
    ../clib/microlib/printf/printf.c         0x00000000   Number         0  printf0.o ABSOLUTE
    ../clib/microlib/printf/printf.c         0x00000000   Number         0  printfb.o ABSOLUTE
    ../clib/microlib/printf/printf.c         0x00000000   Number         0  printf5.o ABSOLUTE
    ../clib/microlib/printf/printf.c         0x00000000   Number         0  printf6.o ABSOLUTE
    ../clib/microlib/printf/printf.c         0x00000000   Number         0  printf7.o ABSOLUTE
    ../clib/microlib/printf/printf.c         0x00000000   Number         0  printf8.o ABSOLUTE
    ../clib/microlib/printf/stubs.s          0x00000000   Number         0  stubs.o ABSOLUTE
    ../clib/microlib/string/memcpy.c         0x00000000   Number         0  memcpya.o ABSOLUTE
    ../clib/microlib/string/memcpy.c         0x00000000   Number         0  memcpyb.o ABSOLUTE
    ../clib/microlib/stubs.s                 0x00000000   Number         0  iusefp.o ABSOLUTE
    ../clib/microlib/stubs.s                 0x00000000   Number         0  useno.o ABSOLUTE
    ../fplib/microlib/d2f.c                  0x00000000   Number         0  d2f.o ABSOLUTE
    ../fplib/microlib/f2d.c                  0x00000000   Number         0  f2d.o ABSOLUTE
    ../fplib/microlib/fpadd.c                0x00000000   Number         0  dadd.o ABSOLUTE
    ../fplib/microlib/fpadd.c                0x00000000   Number         0  fadd.o ABSOLUTE
    ../fplib/microlib/fpdiv.c                0x00000000   Number         0  ddiv.o ABSOLUTE
    ../fplib/microlib/fpdiv.c                0x00000000   Number         0  fdiv.o ABSOLUTE
    ../fplib/microlib/fpepilogue.c           0x00000000   Number         0  depilogue.o ABSOLUTE
    ../fplib/microlib/fpepilogue.c           0x00000000   Number         0  fepilogue.o ABSOLUTE
    ../fplib/microlib/fpfix.c                0x00000000   Number         0  ffixui.o ABSOLUTE
    ../fplib/microlib/fpfix.c                0x00000000   Number         0  dfixul.o ABSOLUTE
    ../fplib/microlib/fpfix.c                0x00000000   Number         0  dfixi.o ABSOLUTE
    ../fplib/microlib/fpflt.c                0x00000000   Number         0  ffltui.o ABSOLUTE
    ../fplib/microlib/fpflt.c                0x00000000   Number         0  dfltui.o ABSOLUTE
    ../fplib/microlib/fpflt.c                0x00000000   Number         0  dflti.o ABSOLUTE
    ../fplib/microlib/fpflt.c                0x00000000   Number         0  fflti.o ABSOLUTE
    ../fplib/microlib/fpmul.c                0x00000000   Number         0  dmul.o ABSOLUTE
    ../fplib/microlib/fpmul.c                0x00000000   Number         0  fmul.o ABSOLUTE
    ../fplib/microlib/fpscalb.c              0x00000000   Number         0  dscalb.o ABSOLUTE
    ../fplib/microlib/fpsqrt.c               0x00000000   Number         0  dsqrt.o ABSOLUTE
    ../mathlib/dunder.c                      0x00000000   Number         0  dunder.o ABSOLUTE
    ../mathlib/fpclassify.c                  0x00000000   Number         0  fpclassify.o ABSOLUTE
    ../mathlib/poly.c                        0x00000000   Number         0  poly.o ABSOLUTE
    ../mathlib/pow.c                         0x00000000   Number         0  pow.o ABSOLUTE
    ../mathlib/pow.c                         0x00000000   Number         0  pow_x.o ABSOLUTE
    ../mathlib/qnan.c                        0x00000000   Number         0  qnan.o ABSOLUTE
    ../mathlib/rred.c                        0x00000000   Number         0  rred.o ABSOLUTE
    ../mathlib/sqrt.c                        0x00000000   Number         0  sqrt_x.o ABSOLUTE
    ../mathlib/sqrt.c                        0x00000000   Number         0  sqrt.o ABSOLUTE
    ../mathlib/tan.c                         0x00000000   Number         0  tan.o ABSOLUTE
    ../mathlib/tan.c                         0x00000000   Number         0  tan_x.o ABSOLUTE
    ../mathlib/tan_i.c                       0x00000000   Number         0  tan_i_x.o ABSOLUTE
    ../mathlib/tan_i.c                       0x00000000   Number         0  tan_i.o ABSOLUTE
    ..\CORE\core_cm3.c                       0x00000000   Number         0  core_cm3.o ABSOLUTE
    ..\CORE\startup_stm32f10x_hd.s           0x00000000   Number         0  startup_stm32f10x_hd.o ABSOLUTE
    ..\HARDWARE\KEY\key.c                    0x00000000   Number         0  key.o ABSOLUTE
    ..\HARDWARE\LED\led.c                    0x00000000   Number         0  led.o ABSOLUTE
    ..\STM32F10x_DSP_Lib\src\PID_C_stm32.c   0x00000000   Number         0  pid_c_stm32.o ABSOLUTE
    ..\STM32F10x_DSP_Lib\src\asm\arm\PID_stm32.s 0x00000000   Number         0  pid_stm32.o ABSOLUTE
    ..\STM32F10x_DSP_Lib\src\asm\arm\cr4_fft_1024_stm32.s 0x00000000   Number         0  cr4_fft_1024_stm32.o ABSOLUTE
    ..\STM32F10x_DSP_Lib\src\asm\arm\cr4_fft_256_stm32.s 0x00000000   Number         0  cr4_fft_256_stm32.o ABSOLUTE
    ..\STM32F10x_DSP_Lib\src\asm\arm\cr4_fft_64_stm32.s 0x00000000   Number         0  cr4_fft_64_stm32.o ABSOLUTE
    ..\STM32F10x_DSP_Lib\src\asm\arm\fir_stm32.s 0x00000000   Number         0  fir_stm32.o ABSOLUTE
    ..\STM32F10x_DSP_Lib\src\asm\arm\iirarma_stm32.s 0x00000000   Number         0  iirarma_stm32.o ABSOLUTE
    ..\STM32F10x_DSP_Lib\src\iir_stm32.c     0x00000000   Number         0  iir_stm32.o ABSOLUTE
    ..\STM32F10x_FWLib\src\misc.c            0x00000000   Number         0  misc.o ABSOLUTE
    ..\STM32F10x_FWLib\src\stm32f10x_adc.c   0x00000000   Number         0  stm32f10x_adc.o ABSOLUTE
    ..\STM32F10x_FWLib\src\stm32f10x_exti.c  0x00000000   Number         0  stm32f10x_exti.o ABSOLUTE
    ..\STM32F10x_FWLib\src\stm32f10x_gpio.c  0x00000000   Number         0  stm32f10x_gpio.o ABSOLUTE
    ..\STM32F10x_FWLib\src\stm32f10x_rcc.c   0x00000000   Number         0  stm32f10x_rcc.o ABSOLUTE
    ..\STM32F10x_FWLib\src\stm32f10x_tim.c   0x00000000   Number         0  stm32f10x_tim.o ABSOLUTE
    ..\STM32F10x_FWLib\src\stm32f10x_usart.c 0x00000000   Number         0  stm32f10x_usart.o ABSOLUTE
    ..\SYSTEM\adc\adc.c                      0x00000000   Number         0  adc.o ABSOLUTE
    ..\SYSTEM\delay\delay.c                  0x00000000   Number         0  delay.o ABSOLUTE
    ..\SYSTEM\sys\sys.c                      0x00000000   Number         0  sys.o ABSOLUTE
    ..\SYSTEM\usart\usart.c                  0x00000000   Number         0  usart.o ABSOLUTE
    ..\\CORE\\core_cm3.c                     0x00000000   Number         0  core_cm3.o ABSOLUTE
    FilterBase.c                             0x00000000   Number         0  filterbase.o ABSOLUTE
    cdcmple.s                                0x00000000   Number         0  cdcmple.o ABSOLUTE
    cdrcmple.s                               0x00000000   Number         0  cdrcmple.o ABSOLUTE
    dc.s                                     0x00000000   Number         0  dc.o ABSOLUTE
    fft.c                                    0x00000000   Number         0  fft.o ABSOLUTE
    handlers.s                               0x00000000   Number         0  handlers.o ABSOLUTE
    init.s                                   0x00000000   Number         0  init.o ABSOLUTE
    main.c                                   0x00000000   Number         0  main.o ABSOLUTE
    ringbuffer.c                             0x00000000   Number         0  ringbuffer.o ABSOLUTE
    stm32f10x_it.c                           0x00000000   Number         0  stm32f10x_it.o ABSOLUTE
    system_stm32f10x.c                       0x00000000   Number         0  system_stm32f10x.o ABSOLUTE
    RESET                                    0x08000000   Section      304  startup_stm32f10x_hd.o(RESET)
    .ARM.Collect$$$$00000000                 0x08000130   Section        0  entry.o(.ARM.Collect$$$$00000000)
    .ARM.Collect$$$$00000001                 0x08000130   Section        4  entry2.o(.ARM.Collect$$$$00000001)
    .ARM.Collect$$$$00000004                 0x08000134   Section        4  entry5.o(.ARM.Collect$$$$00000004)
    .ARM.Collect$$$$00000008                 0x08000138   Section        0  entry7b.o(.ARM.Collect$$$$00000008)
    .ARM.Collect$$$$0000000A                 0x08000138   Section        0  entry8b.o(.ARM.Collect$$$$0000000A)
    .ARM.Collect$$$$0000000B                 0x08000138   Section        8  entry9a.o(.ARM.Collect$$$$0000000B)
    .ARM.Collect$$$$0000000D                 0x08000140   Section        0  entry10a.o(.ARM.Collect$$$$0000000D)
    .ARM.Collect$$$$0000000F                 0x08000140   Section        0  entry11a.o(.ARM.Collect$$$$0000000F)
    .ARM.Collect$$$$00002712                 0x08000140   Section        4  entry2.o(.ARM.Collect$$$$00002712)
    __lit__00000000                          0x08000140   Data           4  entry2.o(.ARM.Collect$$$$00002712)
    .text                                    0x08000144   Section        0  main.o(.text)
    .text                                    0x08000470   Section        0  stm32f10x_it.o(.text)
    .text                                    0x0800048c   Section        0  system_stm32f10x.o(.text)
    SetSysClockTo72                          0x0800048d   Thumb Code   214  system_stm32f10x.o(.text)
    SetSysClock                              0x08000563   Thumb Code     8  system_stm32f10x.o(.text)
    .text                                    0x0800066c   Section        0  fft.o(.text)
    .text                                    0x08000b80   Section        0  filterbase.o(.text)
    .text                                    0x08001c38   Section        0  ringbuffer.o(.text)
    .text                                    0x08001df4   Section        0  key.o(.text)
    .text                                    0x08001e18   Section        0  delay.o(.text)
    .text                                    0x08001eec   Section        0  sys.o(.text)
    .text                                    0x08001f14   Section        0  usart.o(.text)
    .text                                    0x0800205c   Section        0  adc.o(.text)
    .text                                    0x08002170   Section       36  startup_stm32f10x_hd.o(.text)
    .text                                    0x08002194   Section        0  stm32f10x_gpio.o(.text)
    .text                                    0x080024f0   Section        0  stm32f10x_rcc.o(.text)
    .text                                    0x08002894   Section        0  stm32f10x_usart.o(.text)
    .text                                    0x08002c9c   Section        0  misc.o(.text)
    .text                                    0x08002d78   Section        0  stm32f10x_adc.o(.text)
    .text                                    0x080031c8   Section        0  stm32f10x_tim.o(.text)
    TI4_Config                               0x0800366f   Thumb Code   130  stm32f10x_tim.o(.text)
    TI3_Config                               0x08003703   Thumb Code   122  stm32f10x_tim.o(.text)
    TI2_Config                               0x08003797   Thumb Code   130  stm32f10x_tim.o(.text)
    TI1_Config                               0x0800382b   Thumb Code   108  stm32f10x_tim.o(.text)
    .text                                    0x08003fe4   Section     1502  cr4_fft_256_stm32.o(.text)
    .text                                    0x080045c2   Section        0  memcpya.o(.text)
    .text                                    0x080045e6   Section        0  fadd.o(.text)
    .text                                    0x08004696   Section        0  fmul.o(.text)
    .text                                    0x080046fa   Section        0  fdiv.o(.text)
    .text                                    0x08004776   Section        0  dadd.o(.text)
    .text                                    0x080048c4   Section        0  dmul.o(.text)
    .text                                    0x080049a8   Section        0  ddiv.o(.text)
    .text                                    0x08004a86   Section        0  fflti.o(.text)
    .text                                    0x08004a98   Section        0  ffltui.o(.text)
    .text                                    0x08004aa2   Section        0  dfltui.o(.text)
    .text                                    0x08004abc   Section        0  ffixui.o(.text)
    .text                                    0x08004ae4   Section        0  f2d.o(.text)
    .text                                    0x08004b0c   Section       48  cdrcmple.o(.text)
    .text                                    0x08004b3c   Section        0  d2f.o(.text)
    .text                                    0x08004b74   Section        0  uldiv.o(.text)
    .text                                    0x08004bd6   Section        0  llshl.o(.text)
    .text                                    0x08004bf4   Section        0  llsshr.o(.text)
    .text                                    0x08004c18   Section        0  fepilogue.o(.text)
    .text                                    0x08004c18   Section        0  iusefp.o(.text)
    .text                                    0x08004c86   Section        0  depilogue.o(.text)
    .text                                    0x08004d40   Section        0  dscalb.o(.text)
    .text                                    0x08004d6e   Section        0  dsqrt.o(.text)
    .text                                    0x08004e10   Section        0  dflti.o(.text)
    .text                                    0x08004e34   Section       36  init.o(.text)
    .text                                    0x08004e58   Section        0  llushr.o(.text)
    .text                                    0x08004e78   Section        0  dfixi.o(.text)
    i.__0printf$4                            0x08004eb8   Section        0  printf4.o(i.__0printf$4)
    i.__ARM_fpclassify                       0x08004ed8   Section        0  fpclassify.o(i.__ARM_fpclassify)
    i.__ieee754_rem_pio2                     0x08004f00   Section        0  rred.o(i.__ieee754_rem_pio2)
    i.__kernel_poly                          0x08005288   Section        0  poly.o(i.__kernel_poly)
    i.__kernel_tan                           0x08005334   Section        0  tan_i.o(i.__kernel_tan)
    i.__mathlib_dbl_divzero                  0x080055b0   Section        0  dunder.o(i.__mathlib_dbl_divzero)
    i.__mathlib_dbl_infnan                   0x080055c0   Section        0  dunder.o(i.__mathlib_dbl_infnan)
    i.__mathlib_dbl_infnan2                  0x080055c6   Section        0  dunder.o(i.__mathlib_dbl_infnan2)
    i.__mathlib_dbl_invalid                  0x080055ca   Section        0  dunder.o(i.__mathlib_dbl_invalid)
    i.__mathlib_dbl_overflow                 0x080055d6   Section        0  dunder.o(i.__mathlib_dbl_overflow)
    i.__mathlib_dbl_underflow                0x080055e4   Section        0  dunder.o(i.__mathlib_dbl_underflow)
    i.__scatterload_copy                     0x080055f4   Section       14  handlers.o(i.__scatterload_copy)
    i.__scatterload_null                     0x08005602   Section        2  handlers.o(i.__scatterload_null)
    i.__scatterload_zeroinit                 0x08005604   Section       14  handlers.o(i.__scatterload_zeroinit)
    i.__set_errno                            0x08005614   Section        0  errno.o(i.__set_errno)
    i._printf_core                           0x08005620   Section        0  printf4.o(i._printf_core)
    _printf_core                             0x08005621   Thumb Code   552  printf4.o(i._printf_core)
    i.pow                                    0x0800584c   Section        0  pow.o(i.pow)
    i.sqrt                                   0x08006224   Section        0  sqrt.o(i.sqrt)
    i.tan                                    0x08006270   Section        0  tan.o(i.tan)
    .constdata                               0x080062d8   Section      136  pow.o(.constdata)
    bp                                       0x080062d8   Data          16  pow.o(.constdata)
    dp_h                                     0x080062e8   Data          16  pow.o(.constdata)
    dp_l                                     0x080062f8   Data          16  pow.o(.constdata)
    L                                        0x08006308   Data          48  pow.o(.constdata)
    P                                        0x08006338   Data          40  pow.o(.constdata)
    .constdata                               0x08006360   Section        8  qnan.o(.constdata)
    .constdata                               0x08006368   Section      200  rred.o(.constdata)
    pio2s                                    0x08006368   Data          48  rred.o(.constdata)
    twooverpi                                0x08006398   Data         152  rred.o(.constdata)
    .constdata                               0x08006430   Section       96  tan_i.o(.constdata)
    Todd                                     0x08006430   Data          48  tan_i.o(.constdata)
    Teven                                    0x08006460   Data          48  tan_i.o(.constdata)
    .data                                    0x20000000   Section       68  main.o(.data)
    .data                                    0x20000044   Section       20  system_stm32f10x.o(.data)
    .data                                    0x20000058   Section        4  delay.o(.data)
    fac_us                                   0x20000058   Data           1  delay.o(.data)
    fac_ms                                   0x2000005a   Data           2  delay.o(.data)
    .data                                    0x2000005c   Section        6  usart.o(.data)
    .data                                    0x20000062   Section       20  stm32f10x_rcc.o(.data)
    APBAHBPrescTable                         0x20000062   Data          16  stm32f10x_rcc.o(.data)
    ADCPrescTable                            0x20000072   Data           4  stm32f10x_rcc.o(.data)
    .data                                    0x20000078   Section        4  errno.o(.data)
    _errno                                   0x20000078   Data           4  errno.o(.data)
    .bss                                     0x20000080   Section    12092  main.o(.bss)
    .bss                                     0x20002fbc   Section      200  usart.o(.bss)
    STACK                                    0x20003088   Section     1024  startup_stm32f10x_hd.o(STACK)

    Global Symbols

    Symbol Name                              Value     Ov Type        Size  Object(Section)

    BuildAttributes$$THM_ISAv4$P$D$K$B$S$PE$A:L22UL41UL21$X:L11$S22US41US21$IEEE1$IW$USESV6$~STKCKD$USESV7$~SHL$OTIME$ROPI$IEEEX$EBA8$MICROLIB$REQ8$PRES8$EABIv2 0x00000000   Number         0  anon$$obj.o ABSOLUTE
    __ARM_use_no_argv                        0x00000000   Number         0  main.o ABSOLUTE
    __use_no_errno                           0x00000000   Number         0  useno.o ABSOLUTE
    __use_no_exception_handling              0x00000000   Number         0  useno.o ABSOLUTE
    __use_no_fp                              0x00000000   Number         0  useno.o ABSOLUTE
    __use_no_heap                            0x00000000   Number         0  useno.o ABSOLUTE
    __use_no_heap_region                     0x00000000   Number         0  useno.o ABSOLUTE
    __use_no_semihosting                     0x00000000   Number         0  useno.o ABSOLUTE
    __use_no_semihosting_swi                 0x00000000   Number         0  useno.o ABSOLUTE
    __use_no_signal_handling                 0x00000000   Number         0  useno.o ABSOLUTE
    _printf_a                                0x00000000   Number         0  stubs.o ABSOLUTE
    _printf_c                                0x00000000   Number         0  stubs.o ABSOLUTE
    _printf_charcount                        0x00000000   Number         0  stubs.o ABSOLUTE
    _printf_d                                0x00000000   Number         0  stubs.o ABSOLUTE
    _printf_e                                0x00000000   Number         0  stubs.o ABSOLUTE
    _printf_f                                0x00000000   Number         0  stubs.o ABSOLUTE
    _printf_flags                            0x00000000   Number         0  stubs.o ABSOLUTE
    _printf_fp_dec                           0x00000000   Number         0  stubs.o ABSOLUTE
    _printf_fp_hex                           0x00000000   Number         0  stubs.o ABSOLUTE
    _printf_g                                0x00000000   Number         0  stubs.o ABSOLUTE
    _printf_i                                0x00000000   Number         0  stubs.o ABSOLUTE
    _printf_int_dec                          0x00000000   Number         0  stubs.o ABSOLUTE
    _printf_l                                0x00000000   Number         0  stubs.o ABSOLUTE
    _printf_lc                               0x00000000   Number         0  stubs.o ABSOLUTE
    _printf_ll                               0x00000000   Number         0  stubs.o ABSOLUTE
    _printf_lld                              0x00000000   Number         0  stubs.o ABSOLUTE
    _printf_lli                              0x00000000   Number         0  stubs.o ABSOLUTE
    _printf_llo                              0x00000000   Number         0  stubs.o ABSOLUTE
    _printf_llu                              0x00000000   Number         0  stubs.o ABSOLUTE
    _printf_llx                              0x00000000   Number         0  stubs.o ABSOLUTE
    _printf_longlong_dec                     0x00000000   Number         0  stubs.o ABSOLUTE
    _printf_longlong_hex                     0x00000000   Number         0  stubs.o ABSOLUTE
    _printf_longlong_oct                     0x00000000   Number         0  stubs.o ABSOLUTE
    _printf_ls                               0x00000000   Number         0  stubs.o ABSOLUTE
    _printf_mbtowc                           0x00000000   Number         0  stubs.o ABSOLUTE
    _printf_n                                0x00000000   Number         0  stubs.o ABSOLUTE
    _printf_o                                0x00000000   Number         0  stubs.o ABSOLUTE
    _printf_p                                0x00000000   Number         0  stubs.o ABSOLUTE
    _printf_percent                          0x00000000   Number         0  stubs.o ABSOLUTE
    _printf_pre_padding                      0x00000000   Number         0  stubs.o ABSOLUTE
    _printf_return_value                     0x00000000   Number         0  stubs.o ABSOLUTE
    _printf_s                                0x00000000   Number         0  stubs.o ABSOLUTE
    _printf_sizespec                         0x00000000   Number         0  stubs.o ABSOLUTE
    _printf_str                              0x00000000   Number         0  stubs.o ABSOLUTE
    _printf_truncate_signed                  0x00000000   Number         0  stubs.o ABSOLUTE
    _printf_truncate_unsigned                0x00000000   Number         0  stubs.o ABSOLUTE
    _printf_u                                0x00000000   Number         0  stubs.o ABSOLUTE
    _printf_wc                               0x00000000   Number         0  stubs.o ABSOLUTE
    _printf_wctomb                           0x00000000   Number         0  stubs.o ABSOLUTE
    _printf_widthprec                        0x00000000   Number         0  stubs.o ABSOLUTE
    _printf_x                                0x00000000   Number         0  stubs.o ABSOLUTE
    __cpp_initialize__aeabi_                  - Undefined Weak Reference
    __cxa_finalize                            - Undefined Weak Reference
    __decompress                              - Undefined Weak Reference
    _clock_init                               - Undefined Weak Reference
    _microlib_exit                            - Undefined Weak Reference
    __Vectors_Size                           0x00000130   Number         0  startup_stm32f10x_hd.o ABSOLUTE
    __Vectors                                0x08000000   Data           4  startup_stm32f10x_hd.o(RESET)
    __Vectors_End                            0x08000130   Data           0  startup_stm32f10x_hd.o(RESET)
    __main                                   0x08000131   Thumb Code     0  entry.o(.ARM.Collect$$$$00000000)
    _main_stk                                0x08000131   Thumb Code     0  entry2.o(.ARM.Collect$$$$00000001)
    _main_scatterload                        0x08000135   Thumb Code     0  entry5.o(.ARM.Collect$$$$00000004)
    __main_after_scatterload                 0x08000139   Thumb Code     0  entry5.o(.ARM.Collect$$$$00000004)
    _main_clock                              0x08000139   Thumb Code     0  entry7b.o(.ARM.Collect$$$$00000008)
    _main_cpp_init                           0x08000139   Thumb Code     0  entry8b.o(.ARM.Collect$$$$0000000A)
    _main_init                               0x08000139   Thumb Code     0  entry9a.o(.ARM.Collect$$$$0000000B)
    __rt_final_cpp                           0x08000141   Thumb Code     0  entry10a.o(.ARM.Collect$$$$0000000D)
    __rt_final_exit                          0x08000141   Thumb Code     0  entry11a.o(.ARM.Collect$$$$0000000F)
    np_mean                                  0x08000145   Thumb Code    52  main.o(.text)
    main                                     0x08000179   Thumb Code   554  main.o(.text)
    TIM2_IRQHandler                          0x080003a3   Thumb Code    18  main.o(.text)
    NMI_Handler                              0x08000471   Thumb Code     2  stm32f10x_it.o(.text)
    HardFault_Handler                        0x08000473   Thumb Code     4  stm32f10x_it.o(.text)
    MemManage_Handler                        0x08000477   Thumb Code     4  stm32f10x_it.o(.text)
    BusFault_Handler                         0x0800047b   Thumb Code     4  stm32f10x_it.o(.text)
    UsageFault_Handler                       0x0800047f   Thumb Code     4  stm32f10x_it.o(.text)
    SVC_Handler                              0x08000483   Thumb Code     2  stm32f10x_it.o(.text)
    DebugMon_Handler                         0x08000485   Thumb Code     2  stm32f10x_it.o(.text)
    PendSV_Handler                           0x08000487   Thumb Code     2  stm32f10x_it.o(.text)
    SysTick_Handler                          0x08000489   Thumb Code     2  stm32f10x_it.o(.text)
    SystemInit                               0x0800056b   Thumb Code    78  system_stm32f10x.o(.text)
    SystemCoreClockUpdate                    0x080005b9   Thumb Code   142  system_stm32f10x.o(.text)
    GetPwrMag                                0x0800066d   Thumb Code   162  fft.o(.text)
    wave2Pwr                                 0x0800070f   Thumb Code  1136  fft.o(.text)
    calc_biquad                              0x08000b81   Thumb Code  3926  filterbase.o(.text)
    biquad_set_type                          0x08001ad7   Thumb Code    16  filterbase.o(.text)
    biquad_set_Q                             0x08001ae7   Thumb Code    20  filterbase.o(.text)
    biquad_set_fc                            0x08001afb   Thumb Code    44  filterbase.o(.text)
    biquad_set_peak_gain                     0x08001b27   Thumb Code    20  filterbase.o(.text)
    biquad_config                            0x08001b3b   Thumb Code    72  filterbase.o(.text)
    biquad_process                           0x08001b83   Thumb Code   178  filterbase.o(.text)
    RB_Init                                  0x08001c39   Thumb Code    30  ringbuffer.o(.text)
    RB_Delete                                0x08001c57   Thumb Code    50  ringbuffer.o(.text)
    RB_Write_Byte                            0x08001c89   Thumb Code    50  ringbuffer.o(.text)
    RB_Read_Byte                             0x08001cbb   Thumb Code    48  ringbuffer.o(.text)
    RB_Write_String                          0x08001ceb   Thumb Code   126  ringbuffer.o(.text)
    RB_Read_String                           0x08001d69   Thumb Code   124  ringbuffer.o(.text)
    RB_Get_Length                            0x08001de5   Thumb Code     6  ringbuffer.o(.text)
    RB_Get_FreeSize                          0x08001deb   Thumb Code    10  ringbuffer.o(.text)
    KEY_Init                                 0x08001df5   Thumb Code    32  key.o(.text)
    delay_init                               0x08001e19   Thumb Code    50  delay.o(.text)
    delay_us                                 0x08001e4b   Thumb Code    72  delay.o(.text)
    delay_ms                                 0x08001e93   Thumb Code    72  delay.o(.text)
    NVIC_Configuration                       0x08001eed   Thumb Code    40  sys.o(.text)
    _sys_exit                                0x08001f15   Thumb Code     6  usart.o(.text)
    fputc                                    0x08001f1b   Thumb Code    24  usart.o(.text)
    uart_init                                0x08001f33   Thumb Code   158  usart.o(.text)
    USART1_IRQHandler                        0x08001fd1   Thumb Code   122  usart.o(.text)
    TIM2_Config                              0x0800205d   Thumb Code    64  adc.o(.text)
    Adc_Init                                 0x0800209d   Thumb Code   140  adc.o(.text)
    ADC1_Init                                0x08002129   Thumb Code    12  adc.o(.text)
    Get_Adc                                  0x08002135   Thumb Code    52  adc.o(.text)
    Reset_Handler                            0x08002171   Thumb Code     8  startup_stm32f10x_hd.o(.text)
    ADC1_2_IRQHandler                        0x0800218b   Thumb Code     0  startup_stm32f10x_hd.o(.text)
    ADC3_IRQHandler                          0x0800218b   Thumb Code     0  startup_stm32f10x_hd.o(.text)
    CAN1_RX1_IRQHandler                      0x0800218b   Thumb Code     0  startup_stm32f10x_hd.o(.text)
    CAN1_SCE_IRQHandler                      0x0800218b   Thumb Code     0  startup_stm32f10x_hd.o(.text)
    DMA1_Channel1_IRQHandler                 0x0800218b   Thumb Code     0  startup_stm32f10x_hd.o(.text)
    DMA1_Channel2_IRQHandler                 0x0800218b   Thumb Code     0  startup_stm32f10x_hd.o(.text)
    DMA1_Channel3_IRQHandler                 0x0800218b   Thumb Code     0  startup_stm32f10x_hd.o(.text)
    DMA1_Channel4_IRQHandler                 0x0800218b   Thumb Code     0  startup_stm32f10x_hd.o(.text)
    DMA1_Channel5_IRQHandler                 0x0800218b   Thumb Code     0  startup_stm32f10x_hd.o(.text)
    DMA1_Channel6_IRQHandler                 0x0800218b   Thumb Code     0  startup_stm32f10x_hd.o(.text)
    DMA1_Channel7_IRQHandler                 0x0800218b   Thumb Code     0  startup_stm32f10x_hd.o(.text)
    DMA2_Channel1_IRQHandler                 0x0800218b   Thumb Code     0  startup_stm32f10x_hd.o(.text)
    DMA2_Channel2_IRQHandler                 0x0800218b   Thumb Code     0  startup_stm32f10x_hd.o(.text)
    DMA2_Channel3_IRQHandler                 0x0800218b   Thumb Code     0  startup_stm32f10x_hd.o(.text)
    DMA2_Channel4_5_IRQHandler               0x0800218b   Thumb Code     0  startup_stm32f10x_hd.o(.text)
    EXTI0_IRQHandler                         0x0800218b   Thumb Code     0  startup_stm32f10x_hd.o(.text)
    EXTI15_10_IRQHandler                     0x0800218b   Thumb Code     0  startup_stm32f10x_hd.o(.text)
    EXTI1_IRQHandler                         0x0800218b   Thumb Code     0  startup_stm32f10x_hd.o(.text)
    EXTI2_IRQHandler                         0x0800218b   Thumb Code     0  startup_stm32f10x_hd.o(.text)
    EXTI3_IRQHandler                         0x0800218b   Thumb Code     0  startup_stm32f10x_hd.o(.text)
    EXTI4_IRQHandler                         0x0800218b   Thumb Code     0  startup_stm32f10x_hd.o(.text)
    EXTI9_5_IRQHandler                       0x0800218b   Thumb Code     0  startup_stm32f10x_hd.o(.text)
    FLASH_IRQHandler                         0x0800218b   Thumb Code     0  startup_stm32f10x_hd.o(.text)
    FSMC_IRQHandler                          0x0800218b   Thumb Code     0  startup_stm32f10x_hd.o(.text)
    I2C1_ER_IRQHandler                       0x0800218b   Thumb Code     0  startup_stm32f10x_hd.o(.text)
    I2C1_EV_IRQHandler                       0x0800218b   Thumb Code     0  startup_stm32f10x_hd.o(.text)
    I2C2_ER_IRQHandler                       0x0800218b   Thumb Code     0  startup_stm32f10x_hd.o(.text)
    I2C2_EV_IRQHandler                       0x0800218b   Thumb Code     0  startup_stm32f10x_hd.o(.text)
    PVD_IRQHandler                           0x0800218b   Thumb Code     0  startup_stm32f10x_hd.o(.text)
    RCC_IRQHandler                           0x0800218b   Thumb Code     0  startup_stm32f10x_hd.o(.text)
    RTCAlarm_IRQHandler                      0x0800218b   Thumb Code     0  startup_stm32f10x_hd.o(.text)
    RTC_IRQHandler                           0x0800218b   Thumb Code     0  startup_stm32f10x_hd.o(.text)
    SDIO_IRQHandler                          0x0800218b   Thumb Code     0  startup_stm32f10x_hd.o(.text)
    SPI1_IRQHandler                          0x0800218b   Thumb Code     0  startup_stm32f10x_hd.o(.text)
    SPI2_IRQHandler                          0x0800218b   Thumb Code     0  startup_stm32f10x_hd.o(.text)
    SPI3_IRQHandler                          0x0800218b   Thumb Code     0  startup_stm32f10x_hd.o(.text)
    TAMPER_IRQHandler                        0x0800218b   Thumb Code     0  startup_stm32f10x_hd.o(.text)
    TIM1_BRK_IRQHandler                      0x0800218b   Thumb Code     0  startup_stm32f10x_hd.o(.text)
    TIM1_CC_IRQHandler                       0x0800218b   Thumb Code     0  startup_stm32f10x_hd.o(.text)
    TIM1_TRG_COM_IRQHandler                  0x0800218b   Thumb Code     0  startup_stm32f10x_hd.o(.text)
    TIM1_UP_IRQHandler                       0x0800218b   Thumb Code     0  startup_stm32f10x_hd.o(.text)
    TIM3_IRQHandler                          0x0800218b   Thumb Code     0  startup_stm32f10x_hd.o(.text)
    TIM4_IRQHandler                          0x0800218b   Thumb Code     0  startup_stm32f10x_hd.o(.text)
    TIM5_IRQHandler                          0x0800218b   Thumb Code     0  startup_stm32f10x_hd.o(.text)
    TIM6_IRQHandler                          0x0800218b   Thumb Code     0  startup_stm32f10x_hd.o(.text)
    TIM7_IRQHandler                          0x0800218b   Thumb Code     0  startup_stm32f10x_hd.o(.text)
    TIM8_BRK_IRQHandler                      0x0800218b   Thumb Code     0  startup_stm32f10x_hd.o(.text)
    TIM8_CC_IRQHandler                       0x0800218b   Thumb Code     0  startup_stm32f10x_hd.o(.text)
    TIM8_TRG_COM_IRQHandler                  0x0800218b   Thumb Code     0  startup_stm32f10x_hd.o(.text)
    TIM8_UP_IRQHandler                       0x0800218b   Thumb Code     0  startup_stm32f10x_hd.o(.text)
    UART4_IRQHandler                         0x0800218b   Thumb Code     0  startup_stm32f10x_hd.o(.text)
    UART5_IRQHandler                         0x0800218b   Thumb Code     0  startup_stm32f10x_hd.o(.text)
    USART2_IRQHandler                        0x0800218b   Thumb Code     0  startup_stm32f10x_hd.o(.text)
    USART3_IRQHandler                        0x0800218b   Thumb Code     0  startup_stm32f10x_hd.o(.text)
    USBWakeUp_IRQHandler                     0x0800218b   Thumb Code     0  startup_stm32f10x_hd.o(.text)
    USB_HP_CAN1_TX_IRQHandler                0x0800218b   Thumb Code     0  startup_stm32f10x_hd.o(.text)
    USB_LP_CAN1_RX0_IRQHandler               0x0800218b   Thumb Code     0  startup_stm32f10x_hd.o(.text)
    WWDG_IRQHandler                          0x0800218b   Thumb Code     0  startup_stm32f10x_hd.o(.text)
    GPIO_DeInit                              0x08002195   Thumb Code   172  stm32f10x_gpio.o(.text)
    GPIO_AFIODeInit                          0x08002241   Thumb Code    20  stm32f10x_gpio.o(.text)
    GPIO_Init                                0x08002255   Thumb Code   278  stm32f10x_gpio.o(.text)
    GPIO_StructInit                          0x0800236b   Thumb Code    16  stm32f10x_gpio.o(.text)
    GPIO_ReadInputDataBit                    0x0800237b   Thumb Code    18  stm32f10x_gpio.o(.text)
    GPIO_ReadInputData                       0x0800238d   Thumb Code     8  stm32f10x_gpio.o(.text)
    GPIO_ReadOutputDataBit                   0x08002395   Thumb Code    18  stm32f10x_gpio.o(.text)
    GPIO_ReadOutputData                      0x080023a7   Thumb Code     8  stm32f10x_gpio.o(.text)
    GPIO_SetBits                             0x080023af   Thumb Code     4  stm32f10x_gpio.o(.text)
    GPIO_ResetBits                           0x080023b3   Thumb Code     4  stm32f10x_gpio.o(.text)
    GPIO_WriteBit                            0x080023b7   Thumb Code    10  stm32f10x_gpio.o(.text)
    GPIO_Write                               0x080023c1   Thumb Code     4  stm32f10x_gpio.o(.text)
    GPIO_PinLockConfig                       0x080023c5   Thumb Code    18  stm32f10x_gpio.o(.text)
    GPIO_EventOutputConfig                   0x080023d7   Thumb Code    26  stm32f10x_gpio.o(.text)
    GPIO_EventOutputCmd                      0x080023f1   Thumb Code     6  stm32f10x_gpio.o(.text)
    GPIO_PinRemapConfig                      0x080023f7   Thumb Code   138  stm32f10x_gpio.o(.text)
    GPIO_EXTILineConfig                      0x08002481   Thumb Code    66  stm32f10x_gpio.o(.text)
    GPIO_ETH_MediaInterfaceConfig            0x080024c3   Thumb Code     8  stm32f10x_gpio.o(.text)
    RCC_DeInit                               0x080024f1   Thumb Code    64  stm32f10x_rcc.o(.text)
    RCC_HSEConfig                            0x08002531   Thumb Code    70  stm32f10x_rcc.o(.text)
    RCC_GetFlagStatus                        0x08002577   Thumb Code    56  stm32f10x_rcc.o(.text)
    RCC_WaitForHSEStartUp                    0x080025af   Thumb Code    56  stm32f10x_rcc.o(.text)
    RCC_AdjustHSICalibrationValue            0x080025e7   Thumb Code    20  stm32f10x_rcc.o(.text)
    RCC_HSICmd                               0x080025fb   Thumb Code     6  stm32f10x_rcc.o(.text)
    RCC_PLLConfig                            0x08002601   Thumb Code    24  stm32f10x_rcc.o(.text)
    RCC_PLLCmd                               0x08002619   Thumb Code     6  stm32f10x_rcc.o(.text)
    RCC_SYSCLKConfig                         0x0800261f   Thumb Code    18  stm32f10x_rcc.o(.text)
    RCC_GetSYSCLKSource                      0x08002631   Thumb Code    10  stm32f10x_rcc.o(.text)
    RCC_HCLKConfig                           0x0800263b   Thumb Code    18  stm32f10x_rcc.o(.text)
    RCC_PCLK1Config                          0x0800264d   Thumb Code    18  stm32f10x_rcc.o(.text)
    RCC_PCLK2Config                          0x0800265f   Thumb Code    20  stm32f10x_rcc.o(.text)
    RCC_ITConfig                             0x08002673   Thumb Code    26  stm32f10x_rcc.o(.text)
    RCC_USBCLKConfig                         0x0800268d   Thumb Code     8  stm32f10x_rcc.o(.text)
    RCC_ADCCLKConfig                         0x08002695   Thumb Code    18  stm32f10x_rcc.o(.text)
    RCC_LSEConfig                            0x080026a7   Thumb Code    50  stm32f10x_rcc.o(.text)
    RCC_LSICmd                               0x080026d9   Thumb Code     6  stm32f10x_rcc.o(.text)
    RCC_RTCCLKConfig                         0x080026df   Thumb Code    12  stm32f10x_rcc.o(.text)
    RCC_RTCCLKCmd                            0x080026eb   Thumb Code     8  stm32f10x_rcc.o(.text)
    RCC_GetClocksFreq                        0x080026f3   Thumb Code   192  stm32f10x_rcc.o(.text)
    RCC_AHBPeriphClockCmd                    0x080027b3   Thumb Code    26  stm32f10x_rcc.o(.text)
    RCC_APB2PeriphClockCmd                   0x080027cd   Thumb Code    26  stm32f10x_rcc.o(.text)
    RCC_APB1PeriphClockCmd                   0x080027e7   Thumb Code    26  stm32f10x_rcc.o(.text)
    RCC_APB2PeriphResetCmd                   0x08002801   Thumb Code    26  stm32f10x_rcc.o(.text)
    RCC_APB1PeriphResetCmd                   0x0800281b   Thumb Code    26  stm32f10x_rcc.o(.text)
    RCC_BackupResetCmd                       0x08002835   Thumb Code     8  stm32f10x_rcc.o(.text)
    RCC_ClockSecuritySystemCmd               0x0800283d   Thumb Code     6  stm32f10x_rcc.o(.text)
    RCC_MCOConfig                            0x08002843   Thumb Code     6  stm32f10x_rcc.o(.text)
    RCC_ClearFlag                            0x08002849   Thumb Code    14  stm32f10x_rcc.o(.text)
    RCC_GetITStatus                          0x08002857   Thumb Code    20  stm32f10x_rcc.o(.text)
    RCC_ClearITPendingBit                    0x0800286b   Thumb Code     6  stm32f10x_rcc.o(.text)
    USART_DeInit                             0x08002895   Thumb Code   134  stm32f10x_usart.o(.text)
    USART_Init                               0x0800291b   Thumb Code   210  stm32f10x_usart.o(.text)
    USART_StructInit                         0x080029ed   Thumb Code    24  stm32f10x_usart.o(.text)
    USART_ClockInit                          0x08002a05   Thumb Code    34  stm32f10x_usart.o(.text)
    USART_ClockStructInit                    0x08002a27   Thumb Code    12  stm32f10x_usart.o(.text)
    USART_Cmd                                0x08002a33   Thumb Code    24  stm32f10x_usart.o(.text)
    USART_ITConfig                           0x08002a4b   Thumb Code    74  stm32f10x_usart.o(.text)
    USART_DMACmd                             0x08002a95   Thumb Code    18  stm32f10x_usart.o(.text)
    USART_SetAddress                         0x08002aa7   Thumb Code    18  stm32f10x_usart.o(.text)
    USART_WakeUpConfig                       0x08002ab9   Thumb Code    18  stm32f10x_usart.o(.text)
    USART_ReceiverWakeUpCmd                  0x08002acb   Thumb Code    24  stm32f10x_usart.o(.text)
    USART_LINBreakDetectLengthConfig         0x08002ae3   Thumb Code    18  stm32f10x_usart.o(.text)
    USART_LINCmd                             0x08002af5   Thumb Code    24  stm32f10x_usart.o(.text)
    USART_SendData                           0x08002b0d   Thumb Code     8  stm32f10x_usart.o(.text)
    USART_ReceiveData                        0x08002b15   Thumb Code    10  stm32f10x_usart.o(.text)
    USART_SendBreak                          0x08002b1f   Thumb Code    10  stm32f10x_usart.o(.text)
    USART_SetGuardTime                       0x08002b29   Thumb Code    16  stm32f10x_usart.o(.text)
    USART_SetPrescaler                       0x08002b39   Thumb Code    16  stm32f10x_usart.o(.text)
    USART_SmartCardCmd                       0x08002b49   Thumb Code    24  stm32f10x_usart.o(.text)
    USART_SmartCardNACKCmd                   0x08002b61   Thumb Code    24  stm32f10x_usart.o(.text)
    USART_HalfDuplexCmd                      0x08002b79   Thumb Code    24  stm32f10x_usart.o(.text)
    USART_OverSampling8Cmd                   0x08002b91   Thumb Code    22  stm32f10x_usart.o(.text)
    USART_OneBitMethodCmd                    0x08002ba7   Thumb Code    24  stm32f10x_usart.o(.text)
    USART_IrDAConfig                         0x08002bbf   Thumb Code    18  stm32f10x_usart.o(.text)
    USART_IrDACmd                            0x08002bd1   Thumb Code    24  stm32f10x_usart.o(.text)
    USART_GetFlagStatus                      0x08002be9   Thumb Code    26  stm32f10x_usart.o(.text)
    USART_ClearFlag                          0x08002c03   Thumb Code    18  stm32f10x_usart.o(.text)
    USART_GetITStatus                        0x08002c15   Thumb Code    84  stm32f10x_usart.o(.text)
    USART_ClearITPendingBit                  0x08002c69   Thumb Code    52  stm32f10x_usart.o(.text)
    NVIC_PriorityGroupConfig                 0x08002c9d   Thumb Code    10  misc.o(.text)
    NVIC_Init                                0x08002ca7   Thumb Code   100  misc.o(.text)
    NVIC_SetVectorTable                      0x08002d0b   Thumb Code    14  misc.o(.text)
    NVIC_SystemLPConfig                      0x08002d19   Thumb Code    34  misc.o(.text)
    SysTick_CLKSourceConfig                  0x08002d3b   Thumb Code    40  misc.o(.text)
    ADC_DeInit                               0x08002d79   Thumb Code    78  stm32f10x_adc.o(.text)
    ADC_Init                                 0x08002dc7   Thumb Code    70  stm32f10x_adc.o(.text)
    ADC_StructInit                           0x08002e0d   Thumb Code    18  stm32f10x_adc.o(.text)
    ADC_Cmd                                  0x08002e1f   Thumb Code    22  stm32f10x_adc.o(.text)
    ADC_DMACmd                               0x08002e35   Thumb Code    22  stm32f10x_adc.o(.text)
    ADC_ITConfig                             0x08002e4b   Thumb Code    24  stm32f10x_adc.o(.text)
    ADC_ResetCalibration                     0x08002e63   Thumb Code    10  stm32f10x_adc.o(.text)
    ADC_GetResetCalibrationStatus            0x08002e6d   Thumb Code    20  stm32f10x_adc.o(.text)
    ADC_StartCalibration                     0x08002e81   Thumb Code    10  stm32f10x_adc.o(.text)
    ADC_GetCalibrationStatus                 0x08002e8b   Thumb Code    20  stm32f10x_adc.o(.text)
    ADC_SoftwareStartConvCmd                 0x08002e9f   Thumb Code    22  stm32f10x_adc.o(.text)
    ADC_GetSoftwareStartConvStatus           0x08002eb5   Thumb Code    20  stm32f10x_adc.o(.text)
    ADC_DiscModeChannelCountConfig           0x08002ec9   Thumb Code    24  stm32f10x_adc.o(.text)
    ADC_DiscModeCmd                          0x08002ee1   Thumb Code    22  stm32f10x_adc.o(.text)
    ADC_RegularChannelConfig                 0x08002ef7   Thumb Code   184  stm32f10x_adc.o(.text)
    ADC_ExternalTrigConvCmd                  0x08002faf   Thumb Code    22  stm32f10x_adc.o(.text)
    ADC_GetConversionValue                   0x08002fc5   Thumb Code     8  stm32f10x_adc.o(.text)
    ADC_GetDualModeConversionValue           0x08002fcd   Thumb Code     8  stm32f10x_adc.o(.text)
    ADC_AutoInjectedConvCmd                  0x08002fd5   Thumb Code    22  stm32f10x_adc.o(.text)
    ADC_InjectedDiscModeCmd                  0x08002feb   Thumb Code    22  stm32f10x_adc.o(.text)
    ADC_ExternalTrigInjectedConvConfig       0x08003001   Thumb Code    16  stm32f10x_adc.o(.text)
    ADC_ExternalTrigInjectedConvCmd          0x08003011   Thumb Code    22  stm32f10x_adc.o(.text)
    ADC_SoftwareStartInjectedConvCmd         0x08003027   Thumb Code    22  stm32f10x_adc.o(.text)
    ADC_GetSoftwareStartInjectedConvCmdStatus 0x0800303d   Thumb Code    20  stm32f10x_adc.o(.text)
    ADC_InjectedChannelConfig                0x08003051   Thumb Code   130  stm32f10x_adc.o(.text)
    ADC_InjectedSequencerLengthConfig        0x080030d3   Thumb Code    24  stm32f10x_adc.o(.text)
    ADC_SetInjectedOffset                    0x080030eb   Thumb Code    20  stm32f10x_adc.o(.text)
    ADC_GetInjectedConversionValue           0x080030ff   Thumb Code    28  stm32f10x_adc.o(.text)
    ADC_AnalogWatchdogCmd                    0x0800311b   Thumb Code    16  stm32f10x_adc.o(.text)
    ADC_AnalogWatchdogThresholdsConfig       0x0800312b   Thumb Code     6  stm32f10x_adc.o(.text)
    ADC_AnalogWatchdogSingleChannelConfig    0x08003131   Thumb Code    16  stm32f10x_adc.o(.text)
    ADC_TempSensorVrefintCmd                 0x08003141   Thumb Code    64  stm32f10x_adc.o(.text)
    ADC_GetFlagStatus                        0x08003181   Thumb Code    18  stm32f10x_adc.o(.text)
    ADC_ClearFlag                            0x08003193   Thumb Code     6  stm32f10x_adc.o(.text)
    ADC_GetITStatus                          0x08003199   Thumb Code    36  stm32f10x_adc.o(.text)
    ADC_ClearITPendingBit                    0x080031bd   Thumb Code    10  stm32f10x_adc.o(.text)
    TIM_DeInit                               0x080031c9   Thumb Code   424  stm32f10x_tim.o(.text)
    TIM_TimeBaseInit                         0x08003371   Thumb Code   122  stm32f10x_tim.o(.text)
    TIM_OC1Init                              0x080033eb   Thumb Code   132  stm32f10x_tim.o(.text)
    TIM_OC2Init                              0x0800346f   Thumb Code   154  stm32f10x_tim.o(.text)
    TIM_OC3Init                              0x08003509   Thumb Code   150  stm32f10x_tim.o(.text)
    TIM_OC4Init                              0x0800359f   Thumb Code   182  stm32f10x_tim.o(.text)
    TIM_SetIC4Prescaler                      0x08003655   Thumb Code    26  stm32f10x_tim.o(.text)
    TIM_SetIC3Prescaler                      0x080036f1   Thumb Code    18  stm32f10x_tim.o(.text)
    TIM_SetIC2Prescaler                      0x0800377d   Thumb Code    26  stm32f10x_tim.o(.text)
    TIM_SetIC1Prescaler                      0x08003819   Thumb Code    18  stm32f10x_tim.o(.text)
    TIM_ICInit                               0x08003897   Thumb Code   150  stm32f10x_tim.o(.text)
    TIM_PWMIConfig                           0x0800392d   Thumb Code   124  stm32f10x_tim.o(.text)
    TIM_BDTRConfig                           0x080039a9   Thumb Code    32  stm32f10x_tim.o(.text)
    TIM_TimeBaseStructInit                   0x080039c9   Thumb Code    18  stm32f10x_tim.o(.text)
    TIM_OCStructInit                         0x080039db   Thumb Code    20  stm32f10x_tim.o(.text)
    TIM_ICStructInit                         0x080039ef   Thumb Code    18  stm32f10x_tim.o(.text)
    TIM_BDTRStructInit                       0x08003a01   Thumb Code    40  stm32f10x_tim.o(.text)
    TIM_Cmd                                  0x08003a29   Thumb Code    24  stm32f10x_tim.o(.text)
    TIM_CtrlPWMOutputs                       0x08003a41   Thumb Code    30  stm32f10x_tim.o(.text)
    TIM_ITConfig                             0x08003a5f   Thumb Code    18  stm32f10x_tim.o(.text)
    TIM_GenerateEvent                        0x08003a71   Thumb Code     4  stm32f10x_tim.o(.text)
    TIM_DMAConfig                            0x08003a75   Thumb Code    10  stm32f10x_tim.o(.text)
    TIM_DMACmd                               0x08003a7f   Thumb Code    18  stm32f10x_tim.o(.text)
    TIM_InternalClockConfig                  0x08003a91   Thumb Code    12  stm32f10x_tim.o(.text)
    TIM_SelectInputTrigger                   0x08003a9d   Thumb Code    18  stm32f10x_tim.o(.text)
    TIM_ITRxExternalClockConfig              0x08003aaf   Thumb Code    24  stm32f10x_tim.o(.text)
    TIM_TIxExternalClockConfig               0x08003ac7   Thumb Code    62  stm32f10x_tim.o(.text)
    TIM_ETRConfig                            0x08003b05   Thumb Code    28  stm32f10x_tim.o(.text)
    TIM_ETRClockMode1Config                  0x08003b21   Thumb Code    54  stm32f10x_tim.o(.text)
    TIM_ETRClockMode2Config                  0x08003b57   Thumb Code    32  stm32f10x_tim.o(.text)
    TIM_PrescalerConfig                      0x08003b77   Thumb Code     6  stm32f10x_tim.o(.text)
    TIM_CounterModeConfig                    0x08003b7d   Thumb Code    18  stm32f10x_tim.o(.text)
    TIM_EncoderInterfaceConfig               0x08003b8f   Thumb Code    66  stm32f10x_tim.o(.text)
    TIM_ForcedOC1Config                      0x08003bd1   Thumb Code    18  stm32f10x_tim.o(.text)
    TIM_ForcedOC2Config                      0x08003be3   Thumb Code    26  stm32f10x_tim.o(.text)
    TIM_ForcedOC3Config                      0x08003bfd   Thumb Code    18  stm32f10x_tim.o(.text)
    TIM_ForcedOC4Config                      0x08003c0f   Thumb Code    26  stm32f10x_tim.o(.text)
    TIM_ARRPreloadConfig                     0x08003c29   Thumb Code    24  stm32f10x_tim.o(.text)
    TIM_SelectCOM                            0x08003c41   Thumb Code    24  stm32f10x_tim.o(.text)
    TIM_SelectCCDMA                          0x08003c59   Thumb Code    24  stm32f10x_tim.o(.text)
    TIM_CCPreloadControl                     0x08003c71   Thumb Code    24  stm32f10x_tim.o(.text)
    TIM_OC1PreloadConfig                     0x08003c89   Thumb Code    18  stm32f10x_tim.o(.text)
    TIM_OC2PreloadConfig                     0x08003c9b   Thumb Code    26  stm32f10x_tim.o(.text)
    TIM_OC3PreloadConfig                     0x08003cb5   Thumb Code    18  stm32f10x_tim.o(.text)
    TIM_OC4PreloadConfig                     0x08003cc7   Thumb Code    26  stm32f10x_tim.o(.text)
    TIM_OC1FastConfig                        0x08003ce1   Thumb Code    18  stm32f10x_tim.o(.text)
    TIM_OC2FastConfig                        0x08003cf3   Thumb Code    26  stm32f10x_tim.o(.text)
    TIM_OC3FastConfig                        0x08003d0d   Thumb Code    18  stm32f10x_tim.o(.text)
    TIM_OC4FastConfig                        0x08003d1f   Thumb Code    26  stm32f10x_tim.o(.text)
    TIM_ClearOC1Ref                          0x08003d39   Thumb Code    18  stm32f10x_tim.o(.text)
    TIM_ClearOC2Ref                          0x08003d4b   Thumb Code    24  stm32f10x_tim.o(.text)
    TIM_ClearOC3Ref                          0x08003d63   Thumb Code    18  stm32f10x_tim.o(.text)
    TIM_ClearOC4Ref                          0x08003d75   Thumb Code    24  stm32f10x_tim.o(.text)
    TIM_OC1PolarityConfig                    0x08003d8d   Thumb Code    18  stm32f10x_tim.o(.text)
    TIM_OC1NPolarityConfig                   0x08003d9f   Thumb Code    18  stm32f10x_tim.o(.text)
    TIM_OC2PolarityConfig                    0x08003db1   Thumb Code    26  stm32f10x_tim.o(.text)
    TIM_OC2NPolarityConfig                   0x08003dcb   Thumb Code    26  stm32f10x_tim.o(.text)
    TIM_OC3PolarityConfig                    0x08003de5   Thumb Code    26  stm32f10x_tim.o(.text)
    TIM_OC3NPolarityConfig                   0x08003dff   Thumb Code    26  stm32f10x_tim.o(.text)
    TIM_OC4PolarityConfig                    0x08003e19   Thumb Code    26  stm32f10x_tim.o(.text)
    TIM_CCxCmd                               0x08003e33   Thumb Code    30  stm32f10x_tim.o(.text)
    TIM_CCxNCmd                              0x08003e51   Thumb Code    30  stm32f10x_tim.o(.text)
    TIM_SelectOCxM                           0x08003e6f   Thumb Code    82  stm32f10x_tim.o(.text)
    TIM_UpdateDisableConfig                  0x08003ec1   Thumb Code    24  stm32f10x_tim.o(.text)
    TIM_UpdateRequestConfig                  0x08003ed9   Thumb Code    24  stm32f10x_tim.o(.text)
    TIM_SelectHallSensor                     0x08003ef1   Thumb Code    24  stm32f10x_tim.o(.text)
    TIM_SelectOnePulseMode                   0x08003f09   Thumb Code    18  stm32f10x_tim.o(.text)
    TIM_SelectOutputTrigger                  0x08003f1b   Thumb Code    18  stm32f10x_tim.o(.text)
    TIM_SelectSlaveMode                      0x08003f2d   Thumb Code    18  stm32f10x_tim.o(.text)
    TIM_SelectMasterSlaveMode                0x08003f3f   Thumb Code    18  stm32f10x_tim.o(.text)
    TIM_SetCounter                           0x08003f51   Thumb Code     4  stm32f10x_tim.o(.text)
    TIM_SetAutoreload                        0x08003f55   Thumb Code     4  stm32f10x_tim.o(.text)
    TIM_SetCompare1                          0x08003f59   Thumb Code     4  stm32f10x_tim.o(.text)
    TIM_SetCompare2                          0x08003f5d   Thumb Code     4  stm32f10x_tim.o(.text)
    TIM_SetCompare3                          0x08003f61   Thumb Code     4  stm32f10x_tim.o(.text)
    TIM_SetCompare4                          0x08003f65   Thumb Code     6  stm32f10x_tim.o(.text)
    TIM_SetClockDivision                     0x08003f6b   Thumb Code    18  stm32f10x_tim.o(.text)
    TIM_GetCapture1                          0x08003f7d   Thumb Code     6  stm32f10x_tim.o(.text)
    TIM_GetCapture2                          0x08003f83   Thumb Code     6  stm32f10x_tim.o(.text)
    TIM_GetCapture3                          0x08003f89   Thumb Code     6  stm32f10x_tim.o(.text)
    TIM_GetCapture4                          0x08003f8f   Thumb Code     8  stm32f10x_tim.o(.text)
    TIM_GetCounter                           0x08003f97   Thumb Code     6  stm32f10x_tim.o(.text)
    TIM_GetPrescaler                         0x08003f9d   Thumb Code     6  stm32f10x_tim.o(.text)
    TIM_GetFlagStatus                        0x08003fa3   Thumb Code    18  stm32f10x_tim.o(.text)
    TIM_ClearFlag                            0x08003fb5   Thumb Code     6  stm32f10x_tim.o(.text)
    TIM_GetITStatus                          0x08003fbb   Thumb Code    34  stm32f10x_tim.o(.text)
    TIM_ClearITPendingBit                    0x08003fdd   Thumb Code     6  stm32f10x_tim.o(.text)
    cr4_fft_256_stm32                        0x08003fe5   Thumb Code     0  cr4_fft_256_stm32.o(.text)
    __aeabi_memcpy                           0x080045c3   Thumb Code    36  memcpya.o(.text)
    __aeabi_memcpy4                          0x080045c3   Thumb Code     0  memcpya.o(.text)
    __aeabi_memcpy8                          0x080045c3   Thumb Code     0  memcpya.o(.text)
    __aeabi_fadd                             0x080045e7   Thumb Code   164  fadd.o(.text)
    __aeabi_fsub                             0x0800468b   Thumb Code     6  fadd.o(.text)
    __aeabi_frsub                            0x08004691   Thumb Code     6  fadd.o(.text)
    __aeabi_fmul                             0x08004697   Thumb Code   100  fmul.o(.text)
    __aeabi_fdiv                             0x080046fb   Thumb Code   124  fdiv.o(.text)
    __aeabi_dadd                             0x08004777   Thumb Code   322  dadd.o(.text)
    __aeabi_dsub                             0x080048b9   Thumb Code     6  dadd.o(.text)
    __aeabi_drsub                            0x080048bf   Thumb Code     6  dadd.o(.text)
    __aeabi_dmul                             0x080048c5   Thumb Code   228  dmul.o(.text)
    __aeabi_ddiv                             0x080049a9   Thumb Code   222  ddiv.o(.text)
    __aeabi_i2f                              0x08004a87   Thumb Code    18  fflti.o(.text)
    __aeabi_ui2f                             0x08004a99   Thumb Code    10  ffltui.o(.text)
    __aeabi_ui2d                             0x08004aa3   Thumb Code    26  dfltui.o(.text)
    __aeabi_f2uiz                            0x08004abd   Thumb Code    40  ffixui.o(.text)
    __aeabi_f2d                              0x08004ae5   Thumb Code    38  f2d.o(.text)
    __aeabi_cdrcmple                         0x08004b0d   Thumb Code    48  cdrcmple.o(.text)
    __aeabi_d2f                              0x08004b3d   Thumb Code    56  d2f.o(.text)
    __aeabi_uldivmod                         0x08004b75   Thumb Code    98  uldiv.o(.text)
    __aeabi_llsl                             0x08004bd7   Thumb Code    30  llshl.o(.text)
    _ll_shift_l                              0x08004bd7   Thumb Code     0  llshl.o(.text)
    __aeabi_lasr                             0x08004bf5   Thumb Code    36  llsshr.o(.text)
    _ll_sshift_r                             0x08004bf5   Thumb Code     0  llsshr.o(.text)
    __I$use$fp                               0x08004c19   Thumb Code     0  iusefp.o(.text)
    _float_round                             0x08004c19   Thumb Code    18  fepilogue.o(.text)
    _float_epilogue                          0x08004c2b   Thumb Code    92  fepilogue.o(.text)
    _double_round                            0x08004c87   Thumb Code    30  depilogue.o(.text)
    _double_epilogue                         0x08004ca5   Thumb Code   156  depilogue.o(.text)
    __ARM_scalbn                             0x08004d41   Thumb Code    46  dscalb.o(.text)
    scalbn                                   0x08004d41   Thumb Code     0  dscalb.o(.text)
    _dsqrt                                   0x08004d6f   Thumb Code   162  dsqrt.o(.text)
    __aeabi_i2d                              0x08004e11   Thumb Code    34  dflti.o(.text)
    __scatterload                            0x08004e35   Thumb Code    28  init.o(.text)
    __scatterload_rt2                        0x08004e35   Thumb Code     0  init.o(.text)
    __aeabi_llsr                             0x08004e59   Thumb Code    32  llushr.o(.text)
    _ll_ushift_r                             0x08004e59   Thumb Code     0  llushr.o(.text)
    __aeabi_d2iz                             0x08004e79   Thumb Code    62  dfixi.o(.text)
    __0printf$4                              0x08004eb9   Thumb Code    22  printf4.o(i.__0printf$4)
    __1printf$4                              0x08004eb9   Thumb Code     0  printf4.o(i.__0printf$4)
    __2printf                                0x08004eb9   Thumb Code     0  printf4.o(i.__0printf$4)
    __ARM_fpclassify                         0x08004ed9   Thumb Code    40  fpclassify.o(i.__ARM_fpclassify)
    __ieee754_rem_pio2                       0x08004f01   Thumb Code   828  rred.o(i.__ieee754_rem_pio2)
    __kernel_poly                            0x08005289   Thumb Code   170  poly.o(i.__kernel_poly)
    __kernel_tan                             0x08005335   Thumb Code   586  tan_i.o(i.__kernel_tan)
    __mathlib_dbl_divzero                    0x080055b1   Thumb Code    12  dunder.o(i.__mathlib_dbl_divzero)
    __mathlib_dbl_infnan                     0x080055c1   Thumb Code     6  dunder.o(i.__mathlib_dbl_infnan)
    __mathlib_dbl_infnan2                    0x080055c7   Thumb Code     4  dunder.o(i.__mathlib_dbl_infnan2)
    __mathlib_dbl_invalid                    0x080055cb   Thumb Code    12  dunder.o(i.__mathlib_dbl_invalid)
    __mathlib_dbl_overflow                   0x080055d7   Thumb Code    14  dunder.o(i.__mathlib_dbl_overflow)
    __mathlib_dbl_underflow                  0x080055e5   Thumb Code    10  dunder.o(i.__mathlib_dbl_underflow)
    __scatterload_copy                       0x080055f5   Thumb Code    14  handlers.o(i.__scatterload_copy)
    __scatterload_null                       0x08005603   Thumb Code     2  handlers.o(i.__scatterload_null)
    __scatterload_zeroinit                   0x08005605   Thumb Code    14  handlers.o(i.__scatterload_zeroinit)
    __set_errno                              0x08005615   Thumb Code     6  errno.o(i.__set_errno)
    pow                                      0x0800584d   Thumb Code  2512  pow.o(i.pow)
    sqrt                                     0x08006225   Thumb Code    76  sqrt.o(i.sqrt)
    tan                                      0x08006271   Thumb Code    90  tan.o(i.tan)
    __mathlib_zero                           0x08006360   Data           8  qnan.o(.constdata)
    Region$$Table$$Base                      0x08006490   Number         0  anon$$obj.o(Region$$Table)
    Region$$Table$$Limit                     0x080064b0   Number         0  anon$$obj.o(Region$$Table)
    num                                      0x20000000   Data           4  main.o(.data)
    i                                        0x20000004   Data           4  main.o(.data)
    Aindex                                   0x20000008   Data           4  main.o(.data)
    ADC_ReadDone                             0x2000000c   Data           1  main.o(.data)
    ADC_ReadCount                            0x2000000e   Data           2  main.o(.data)
    counter                                  0x20000010   Data           2  main.o(.data)
    Quality                                  0x20000012   Data           1  main.o(.data)
    j                                        0x20000013   Data           1  main.o(.data)
    RBeta                                    0x20000014   Data           4  main.o(.data)
    lastRBeta                                0x20000018   Data           4  main.o(.data)
    RAlpha                                   0x2000001c   Data           4  main.o(.data)
    lastRAlpha                               0x20000020   Data           4  main.o(.data)
    filter_White_Noise                       0x20000024   Data           4  main.o(.data)
    outBeta                                  0x20000028   Data           4  main.o(.data)
    outAlpha                                 0x2000002c   Data           4  main.o(.data)
    a                                        0x20000030   Data           4  main.o(.data)
    b                                        0x20000034   Data           4  main.o(.data)
    c                                        0x20000038   Data           4  main.o(.data)
    BaseSum                                  0x2000003c   Data           4  main.o(.data)
    BaseSum2                                 0x20000040   Data           4  main.o(.data)
    SystemCoreClock                          0x20000044   Data           4  system_stm32f10x.o(.data)
    AHBPrescTable                            0x20000048   Data          16  system_stm32f10x.o(.data)
    __stdout                                 0x2000005c   Data           4  usart.o(.data)
    USART_RX_STA                             0x20000060   Data           2  usart.o(.data)
    buffer                                   0x20000080   Data         500  main.o(.bss)
    rb                                       0x20000274   Data          20  main.o(.bss)
    get                                      0x20000288   Data         256  main.o(.bss)
    bsf_out                                  0x20000388   Data        1024  main.o(.bss)
    hpf_out                                  0x20000788   Data        1024  main.o(.bss)
    lpf_out                                  0x20000b88   Data        1024  main.o(.bss)
    bsf                                      0x20000f88   Data         104  main.o(.bss)
    hpf                                      0x20000ff0   Data         104  main.o(.bss)
    lpf                                      0x20001058   Data         104  main.o(.bss)
    bpfBeta                                  0x200010c0   Data         104  main.o(.bss)
    bpfAlpha                                 0x20001128   Data         104  main.o(.bss)
    outArray                                 0x20001190   Data        1024  main.o(.bss)
    outArrayB                                0x20001590   Data        1024  main.o(.bss)
    outBetaArray                             0x20001990   Data        1024  main.o(.bss)
    outAlphaArray                            0x20001d90   Data        1024  main.o(.bss)
    wave                                     0x20002190   Data          22  main.o(.bss)
    wave2                                    0x200021a6   Data          22  main.o(.bss)
    FFT_OUT                                  0x200021bc   Data        1024  main.o(.bss)
    FFT_IN                                   0x200025bc   Data        1024  main.o(.bss)
    FFT_Fmplitude                            0x200029bc   Data         512  main.o(.bss)
    FFT_FmplitudeA                           0x20002bbc   Data         512  main.o(.bss)
    FFT_FmplitudeB                           0x20002dbc   Data         512  main.o(.bss)
    USART_RX_BUF                             0x20002fbc   Data         200  usart.o(.bss)
    __initial_sp                             0x20003488   Data           0  startup_stm32f10x_hd.o(STACK)



==============================================================================

Memory Map of the image

  Image Entry point : 0x08000131

  Load Region LR_IROM1 (Base: 0x08000000, Size: 0x0000652c, Max: 0x00010000, ABSOLUTE)

    Execution Region ER_IROM1 (Exec base: 0x08000000, Load base: 0x08000000, Size: 0x000064b0, Max: 0x00010000, ABSOLUTE)

    Exec Addr    Load Addr    Size         Type   Attr      Idx    E Section Name        Object

    0x08000000   0x08000000   0x00000130   Data   RO          290    RESET               startup_stm32f10x_hd.o
    0x08000130   0x08000130   0x00000000   Code   RO          455  * .ARM.Collect$$$$00000000  mc_w.l(entry.o)
    0x08000130   0x08000130   0x00000004   Code   RO          779    .ARM.Collect$$$$00000001  mc_w.l(entry2.o)
    0x08000134   0x08000134   0x00000004   Code   RO          782    .ARM.Collect$$$$00000004  mc_w.l(entry5.o)
    0x08000138   0x08000138   0x00000000   Code   RO          784    .ARM.Collect$$$$00000008  mc_w.l(entry7b.o)
    0x08000138   0x08000138   0x00000000   Code   RO          786    .ARM.Collect$$$$0000000A  mc_w.l(entry8b.o)
    0x08000138   0x08000138   0x00000008   Code   RO          787    .ARM.Collect$$$$0000000B  mc_w.l(entry9a.o)
    0x08000140   0x08000140   0x00000000   Code   RO          789    .ARM.Collect$$$$0000000D  mc_w.l(entry10a.o)
    0x08000140   0x08000140   0x00000000   Code   RO          791    .ARM.Collect$$$$0000000F  mc_w.l(entry11a.o)
    0x08000140   0x08000140   0x00000004   Code   RO          780    .ARM.Collect$$$$00002712  mc_w.l(entry2.o)
    0x08000144   0x08000144   0x0000032c   Code   RO            1    .text               main.o
    0x08000470   0x08000470   0x0000001a   Code   RO           94    .text               stm32f10x_it.o
    0x0800048a   0x0800048a   0x00000002   PAD
    0x0800048c   0x0800048c   0x000001e0   Code   RO          126    .text               system_stm32f10x.o
    0x0800066c   0x0800066c   0x00000512   Code   RO          144    .text               fft.o
    0x08000b7e   0x08000b7e   0x00000002   PAD
    0x08000b80   0x08000b80   0x000010b8   Code   RO          165    .text               filterbase.o
    0x08001c38   0x08001c38   0x000001bc   Code   RO          177    .text               ringbuffer.o
    0x08001df4   0x08001df4   0x00000024   Code   RO          204    .text               key.o
    0x08001e18   0x08001e18   0x000000d4   Code   RO          216    .text               delay.o
    0x08001eec   0x08001eec   0x00000028   Code   RO          230    .text               sys.o
    0x08001f14   0x08001f14   0x00000148   Code   RO          242    .text               usart.o
    0x0800205c   0x0800205c   0x00000114   Code   RO          265    .text               adc.o
    0x08002170   0x08002170   0x00000024   Code   RO          291    .text               startup_stm32f10x_hd.o
    0x08002194   0x08002194   0x0000035c   Code   RO          295    .text               stm32f10x_gpio.o
    0x080024f0   0x080024f0   0x000003a4   Code   RO          307    .text               stm32f10x_rcc.o
    0x08002894   0x08002894   0x00000408   Code   RO          321    .text               stm32f10x_usart.o
    0x08002c9c   0x08002c9c   0x000000dc   Code   RO          333    .text               misc.o
    0x08002d78   0x08002d78   0x0000044e   Code   RO          345    .text               stm32f10x_adc.o
    0x080031c6   0x080031c6   0x00000002   PAD
    0x080031c8   0x080031c8   0x00000e1a   Code   RO          372    .text               stm32f10x_tim.o
    0x08003fe2   0x08003fe2   0x00000002   PAD
    0x08003fe4   0x08003fe4   0x000005de   Code   RO          414    .text               cr4_fft_256_stm32.o
    0x080045c2   0x080045c2   0x00000024   Code   RO          458    .text               mc_w.l(memcpya.o)
    0x080045e6   0x080045e6   0x000000b0   Code   RO          723    .text               mf_w.l(fadd.o)
    0x08004696   0x08004696   0x00000064   Code   RO          725    .text               mf_w.l(fmul.o)
    0x080046fa   0x080046fa   0x0000007c   Code   RO          727    .text               mf_w.l(fdiv.o)
    0x08004776   0x08004776   0x0000014e   Code   RO          729    .text               mf_w.l(dadd.o)
    0x080048c4   0x080048c4   0x000000e4   Code   RO          731    .text               mf_w.l(dmul.o)
    0x080049a8   0x080049a8   0x000000de   Code   RO          733    .text               mf_w.l(ddiv.o)
    0x08004a86   0x08004a86   0x00000012   Code   RO          735    .text               mf_w.l(fflti.o)
    0x08004a98   0x08004a98   0x0000000a   Code   RO          737    .text               mf_w.l(ffltui.o)
    0x08004aa2   0x08004aa2   0x0000001a   Code   RO          739    .text               mf_w.l(dfltui.o)
    0x08004abc   0x08004abc   0x00000028   Code   RO          741    .text               mf_w.l(ffixui.o)
    0x08004ae4   0x08004ae4   0x00000026   Code   RO          743    .text               mf_w.l(f2d.o)
    0x08004b0a   0x08004b0a   0x00000002   PAD
    0x08004b0c   0x08004b0c   0x00000030   Code   RO          745    .text               mf_w.l(cdrcmple.o)
    0x08004b3c   0x08004b3c   0x00000038   Code   RO          747    .text               mf_w.l(d2f.o)
    0x08004b74   0x08004b74   0x00000062   Code   RO          795    .text               mc_w.l(uldiv.o)
    0x08004bd6   0x08004bd6   0x0000001e   Code   RO          797    .text               mc_w.l(llshl.o)
    0x08004bf4   0x08004bf4   0x00000024   Code   RO          799    .text               mc_w.l(llsshr.o)
    0x08004c18   0x08004c18   0x00000000   Code   RO          808    .text               mc_w.l(iusefp.o)
    0x08004c18   0x08004c18   0x0000006e   Code   RO          809    .text               mf_w.l(fepilogue.o)
    0x08004c86   0x08004c86   0x000000ba   Code   RO          811    .text               mf_w.l(depilogue.o)
    0x08004d40   0x08004d40   0x0000002e   Code   RO          813    .text               mf_w.l(dscalb.o)
    0x08004d6e   0x08004d6e   0x000000a2   Code   RO          815    .text               mf_w.l(dsqrt.o)
    0x08004e10   0x08004e10   0x00000022   Code   RO          817    .text               mf_w.l(dflti.o)
    0x08004e32   0x08004e32   0x00000002   PAD
    0x08004e34   0x08004e34   0x00000024   Code   RO          823    .text               mc_w.l(init.o)
    0x08004e58   0x08004e58   0x00000020   Code   RO          825    .text               mc_w.l(llushr.o)
    0x08004e78   0x08004e78   0x0000003e   Code   RO          827    .text               mf_w.l(dfixi.o)
    0x08004eb6   0x08004eb6   0x00000002   PAD
    0x08004eb8   0x08004eb8   0x00000020   Code   RO          573    i.__0printf$4       mc_w.l(printf4.o)
    0x08004ed8   0x08004ed8   0x00000028   Code   RO          763    i.__ARM_fpclassify  m_ws.l(fpclassify.o)
    0x08004f00   0x08004f00   0x00000388   Code   RO          768    i.__ieee754_rem_pio2  m_ws.l(rred.o)
    0x08005288   0x08005288   0x000000aa   Code   RO          765    i.__kernel_poly     m_ws.l(poly.o)
    0x08005332   0x08005332   0x00000002   PAD
    0x08005334   0x08005334   0x0000027c   Code   RO          773    i.__kernel_tan      m_ws.l(tan_i.o)
    0x080055b0   0x080055b0   0x00000010   Code   RO          749    i.__mathlib_dbl_divzero  m_ws.l(dunder.o)
    0x080055c0   0x080055c0   0x00000006   Code   RO          750    i.__mathlib_dbl_infnan  m_ws.l(dunder.o)
    0x080055c6   0x080055c6   0x00000004   Code   RO          751    i.__mathlib_dbl_infnan2  m_ws.l(dunder.o)
    0x080055ca   0x080055ca   0x0000000c   Code   RO          752    i.__mathlib_dbl_invalid  m_ws.l(dunder.o)
    0x080055d6   0x080055d6   0x0000000e   Code   RO          753    i.__mathlib_dbl_overflow  m_ws.l(dunder.o)
    0x080055e4   0x080055e4   0x00000010   Code   RO          755    i.__mathlib_dbl_underflow  m_ws.l(dunder.o)
    0x080055f4   0x080055f4   0x0000000e   Code   RO          831    i.__scatterload_copy  mc_w.l(handlers.o)
    0x08005602   0x08005602   0x00000002   Code   RO          832    i.__scatterload_null  mc_w.l(handlers.o)
    0x08005604   0x08005604   0x0000000e   Code   RO          833    i.__scatterload_zeroinit  mc_w.l(handlers.o)
    0x08005612   0x08005612   0x00000002   PAD
    0x08005614   0x08005614   0x0000000c   Code   RO          803    i.__set_errno       mc_w.l(errno.o)
    0x08005620   0x08005620   0x0000022c   Code   RO          580    i._printf_core      mc_w.l(printf4.o)
    0x0800584c   0x0800584c   0x000009d8   Code   RO          430    i.pow               m_ws.l(pow.o)
    0x08006224   0x08006224   0x0000004c   Code   RO          440    i.sqrt              m_ws.l(sqrt.o)
    0x08006270   0x08006270   0x00000064   Code   RO          448    i.tan               m_ws.l(tan.o)
    0x080062d4   0x080062d4   0x00000004   PAD
    0x080062d8   0x080062d8   0x00000088   Data   RO          431    .constdata          m_ws.l(pow.o)
    0x08006360   0x08006360   0x00000008   Data   RO          767    .constdata          m_ws.l(qnan.o)
    0x08006368   0x08006368   0x000000c8   Data   RO          770    .constdata          m_ws.l(rred.o)
    0x08006430   0x08006430   0x00000060   Data   RO          774    .constdata          m_ws.l(tan_i.o)
    0x08006490   0x08006490   0x00000020   Data   RO          829    Region$$Table       anon$$obj.o


    Execution Region RW_IRAM1 (Exec base: 0x20000000, Load base: 0x080064b0, Size: 0x00003488, Max: 0x00005000, ABSOLUTE)

    Exec Addr    Load Addr    Size         Type   Attr      Idx    E Section Name        Object

    0x20000000   0x080064b0   0x00000044   Data   RW            3    .data               main.o
    0x20000044   0x080064f4   0x00000014   Data   RW          127    .data               system_stm32f10x.o
    0x20000058   0x08006508   0x00000004   Data   RW          217    .data               delay.o
    0x2000005c   0x0800650c   0x00000006   Data   RW          244    .data               usart.o
    0x20000062   0x08006512   0x00000014   Data   RW          308    .data               stm32f10x_rcc.o
    0x20000076   0x08006526   0x00000002   PAD
    0x20000078   0x08006528   0x00000004   Data   RW          804    .data               mc_w.l(errno.o)
    0x2000007c   0x0800652c   0x00000004   PAD
    0x20000080        -       0x00002f3c   Zero   RW            2    .bss                main.o
    0x20002fbc        -       0x000000c8   Zero   RW          243    .bss                usart.o
    0x20003084   0x0800652c   0x00000004   PAD
    0x20003088        -       0x00000400   Zero   RW          288    STACK               startup_stm32f10x_hd.o


==============================================================================

Image component sizes


      Code (inc. data)   RO Data    RW Data    ZI Data      Debug   Object Name

       276          8          0          0          0       1097   adc.o
         0          0          0          0          0         32   core_cm3.o
      1502       1008          0          0          0        332   cr4_fft_256_stm32.o
       212         18          0          4          0        987   delay.o
      1298          4          0          0          0       2259   fft.o
      4280         48          0          0          0       3547   filterbase.o
        36          4          0          0          0        451   key.o
       812        188          0         68      12092     265217   main.o
       220         22          0          0          0       1745   misc.o
       444          0          0          0          0       3032   ringbuffer.o
        36          8        304          0       1024        768   startup_stm32f10x_hd.o
      1102         26          0          0          0      10989   stm32f10x_adc.o
       860         38          0          0          0       5681   stm32f10x_gpio.o
        26          0          0          0          0       1154   stm32f10x_it.o
       932         36          0         20          0       8836   stm32f10x_rcc.o
      3610         88          0          0          0      22788   stm32f10x_tim.o
      1032         22          0          0          0       8404   stm32f10x_usart.o
        40          0          0          0          0        477   sys.o
       480         38          0         20          0       1659   system_stm32f10x.o
       328         18          0          6        200       3102   usart.o

    ----------------------------------------------------------------------
     17534       1574        336        120      13320     342557   Object Totals
         0          0         32          0          0          0   (incl. Generated)
         8          0          0          2          4          0   (incl. Padding)

    ----------------------------------------------------------------------

      Code (inc. data)   RO Data    RW Data    ZI Data      Debug   Library Member Name

        68         10          0          0          0        408   dunder.o
        40          0          0          0          0         68   fpclassify.o
       170          0          0          0          0         96   poly.o
      2520        190        136          0          0        324   pow.o
         0          0          8          0          0          0   qnan.o
       904         76        200          0          0        140   rred.o
        76          0          0          0          0         84   sqrt.o
       100         10          0          0          0         96   tan.o
       636         50         96          0          0        168   tan_i.o
         0          0          0          0          0          0   entry.o
         0          0          0          0          0          0   entry10a.o
         0          0          0          0          0          0   entry11a.o
         8          4          0          0          0          0   entry2.o
         4          0          0          0          0          0   entry5.o
         0          0          0          0          0          0   entry7b.o
         0          0          0          0          0          0   entry8b.o
         8          4          0          0          0          0   entry9a.o
        12          6          0          4          0         68   errno.o
        30          0          0          0          0          0   handlers.o
        36          8          0          0          0         68   init.o
         0          0          0          0          0          0   iusefp.o
        30          0          0          0          0         68   llshl.o
        36          0          0          0          0         68   llsshr.o
        32          0          0          0          0         68   llushr.o
        36          0          0          0          0         68   memcpya.o
       588         14          0          0          0        184   printf4.o
        98          0          0          0          0         92   uldiv.o
        48          0          0          0          0         68   cdrcmple.o
        56          0          0          0          0         88   d2f.o
       334          0          0          0          0        148   dadd.o
       222          0          0          0          0        100   ddiv.o
       186          0          0          0          0        176   depilogue.o
        62          0          0          0          0         80   dfixi.o
        34          0          0          0          0         76   dflti.o
        26          0          0          0          0         76   dfltui.o
       228          0          0          0          0         96   dmul.o
        46          0          0          0          0         80   dscalb.o
       162          0          0          0          0        100   dsqrt.o
        38          0          0          0          0         68   f2d.o
       176          0          0          0          0        140   fadd.o
       124          0          0          0          0         88   fdiv.o
       110          0          0          0          0        168   fepilogue.o
        40          0          0          0          0         68   ffixui.o
        18          0          0          0          0         68   fflti.o
        10          0          0          0          0         68   ffltui.o
       100          0          0          0          0         76   fmul.o

    ----------------------------------------------------------------------
      7466        376        440          4          4       3900   Library Totals
        14          4          0          0          4          0   (incl. Padding)

    ----------------------------------------------------------------------

      Code (inc. data)   RO Data    RW Data    ZI Data      Debug   Library Name

      4514        336        440          0          0       1384   m_ws.l
       918         36          0          4          0        684   mc_w.l
      2020          0          0          0          0       1832   mf_w.l

    ----------------------------------------------------------------------
      7466        376        440          4          4       3900   Library Totals

    ----------------------------------------------------------------------

==============================================================================


      Code (inc. data)   RO Data    RW Data    ZI Data      Debug   

     25000       1950        776        124      13324     343125   Grand Totals
     25000       1950        776        124      13324     343125   ELF Image Totals
     25000       1950        776        124          0          0   ROM Totals

==============================================================================

    Total RO  Size (Code + RO Data)                25776 (  25.17kB)
    Total RW  Size (RW Data + ZI Data)             13448 (  13.13kB)
    Total ROM Size (Code + RO Data + RW Data)      25900 (  25.29kB)

==============================================================================

